ARM Linker, 5.03 [Build 76] [MDK-ARM Lite]

==============================================================================

Section Cross References

    main.o(i.init_LEDs) refers to main.o(i.nrf_gpio_cfg_output) for nrf_gpio_cfg_output
    main.o(i.init_LEDs) refers to main.o(i.nrf_gpio_pin_set) for nrf_gpio_pin_set
    main.o(i.main) refers to main.o(i.init_LEDs) for init_LEDs
    main.o(i.main) refers to slld_hal.o(i.spi_EEPROM_init) for spi_EEPROM_init
    main.o(i.main) refers to flashapp.o(i.init_flash_app) for init_flash_app
    flashapp.o(i.init_flash_app) refers to nrf_delay.o(i.nrf_delay_ms) for nrf_delay_ms
    flashapp.o(i.init_flash_app) refers to slld.o(i.slld_StatusGet) for slld_StatusGet
    flashapp.o(i.init_flash_app) refers to slld.o(i.slld_ClearStatusRegisterCmd) for slld_ClearStatusRegisterCmd
    flashapp.o(i.init_flash_app) refers to slld.o(i.slld_RDIDCmd) for slld_RDIDCmd
    flashapp.o(i.init_flash_app) refers to flashapp.o(.data) for _status_register
    arm_startup_nrf51.o(RESET) refers to arm_startup_nrf51.o(STACK) for __initial_sp
    arm_startup_nrf51.o(RESET) refers to arm_startup_nrf51.o(.text) for Reset_Handler
    arm_startup_nrf51.o(RESET) refers to spi_master.o(i.SPI0_TWI0_IRQHandler) for SPI0_TWI0_IRQHandler
    arm_startup_nrf51.o(RESET) refers to app_timer.o(i.RTC1_IRQHandler) for RTC1_IRQHandler
    arm_startup_nrf51.o(RESET) refers to app_timer.o(i.SWI0_IRQHandler) for SWI0_IRQHandler
    arm_startup_nrf51.o(.text) refers to system_nrf51.o(i.SystemInit) for SystemInit
    arm_startup_nrf51.o(.text) refers to entry.o(.ARM.Collect$$$$00000000) for __main
    system_nrf51.o(i.SystemCoreClockUpdate) refers to system_nrf51.o(.data) for SystemCoreClock
    system_nrf51.o(i.SystemInit) refers to system_nrf51.o(i.is_manual_peripheral_setup_needed) for is_manual_peripheral_setup_needed
    system_nrf51.o(i.SystemInit) refers to system_nrf51.o(i.is_disabled_in_debug_needed) for is_disabled_in_debug_needed
    spi_master.o(i.SPI0_TWI0_IRQHandler) refers to spi_master.o(i.spi_master_get_instance) for spi_master_get_instance
    spi_master.o(i.SPI0_TWI0_IRQHandler) refers to spi_master.o(i.spi_master_send_recv_irq) for spi_master_send_recv_irq
    spi_master.o(i.spi_master_buffer_init) refers to slld_hal.o(i.app_error_handler) for app_error_handler
    spi_master.o(i.spi_master_buffer_release) refers to slld_hal.o(i.app_error_handler) for app_error_handler
    spi_master.o(i.spi_master_close) refers to spi_master.o(i.spi_master_get_instance) for spi_master_get_instance
    spi_master.o(i.spi_master_close) refers to slld_hal.o(i.app_error_handler) for app_error_handler
    spi_master.o(i.spi_master_close) refers to spi_master.o(i.nrf_gpio_pin_clear) for nrf_gpio_pin_clear
    spi_master.o(i.spi_master_close) refers to spi_master.o(i.spi_master_init_hw_instance) for spi_master_init_hw_instance
    spi_master.o(i.spi_master_get_instance) refers to spi_master.o(.bss) for m_spi_master_instances
    spi_master.o(i.spi_master_init_hw_instance) refers to slld_hal.o(i.app_error_handler) for app_error_handler
    spi_master.o(i.spi_master_open) refers to spi_master.o(i.spi_master_get_instance) for spi_master_get_instance
    spi_master.o(i.spi_master_open) refers to slld_hal.o(i.app_error_handler) for app_error_handler
    spi_master.o(i.spi_master_open) refers to spi_master.o(i.spi_master_init_hw_instance) for spi_master_init_hw_instance
    spi_master.o(i.spi_master_open) refers to spi_master.o(i.nrf_gpio_pin_set) for nrf_gpio_pin_set
    spi_master.o(i.spi_master_open) refers to spi_master.o(i.nrf_gpio_cfg_output) for nrf_gpio_cfg_output
    spi_master.o(i.spi_master_send_initial_bytes) refers to slld_hal.o(i.app_error_handler) for app_error_handler
    spi_master.o(i.spi_master_send_recv) refers to spi_master.o(i.spi_master_get_instance) for spi_master_get_instance
    spi_master.o(i.spi_master_send_recv) refers to slld_hal.o(i.app_error_handler) for app_error_handler
    spi_master.o(i.spi_master_send_recv) refers to spi_master.o(i.spi_master_buffer_init) for spi_master_buffer_init
    spi_master.o(i.spi_master_send_recv) refers to spi_master.o(i.nrf_gpio_pin_clear) for nrf_gpio_pin_clear
    spi_master.o(i.spi_master_send_recv) refers to spi_master.o(i.spi_master_send_initial_bytes) for spi_master_send_initial_bytes
    spi_master.o(i.spi_master_send_recv_irq) refers to slld_hal.o(i.app_error_handler) for app_error_handler
    spi_master.o(i.spi_master_send_recv_irq) refers to spi_master.o(i.spi_master_signal_evt) for spi_master_signal_evt
    spi_master.o(i.spi_master_send_recv_irq) refers to spi_master.o(i.nrf_gpio_pin_set) for nrf_gpio_pin_set
    spi_master.o(i.spi_master_send_recv_irq) refers to spi_master.o(i.spi_master_buffer_release) for spi_master_buffer_release
    spi_master.o(i.spi_master_signal_evt) refers to slld_hal.o(i.app_error_handler) for app_error_handler
[...]
    slld.o(i.slld_DualIORead_4BCmd) refers to slld_hal.o(i.FLASH_READ) for FLASH_READ
    slld.o(i.slld_ECCRDCmd) refers to slld_hal.o(i.FLASH_READ) for FLASH_READ
    slld.o(i.slld_ERS_RESCmd) refers to slld_hal.o(i.FLASH_WRITE) for FLASH_WRITE
    slld.o(i.slld_ERS_SSPCmd) refers to slld_hal.o(i.FLASH_WRITE) for FLASH_WRITE
    slld.o(i.slld_Fast_ReadCmd) refers to slld_hal.o(i.FLASH_READ) for FLASH_READ
    slld.o(i.slld_Fast_Read_4BCmd) refers to slld_hal.o(i.FLASH_READ) for FLASH_READ
    slld.o(i.slld_OTPPCmd) refers to slld_hal.o(i.FLASH_WRITE) for FLASH_WRITE
    slld.o(i.slld_OTPPOp) refers to slld.o(i.slld_WRENCmd) for slld_WRENCmd
    slld.o(i.slld_OTPPOp) refers to slld.o(i.slld_OTPPCmd) for slld_OTPPCmd
    slld.o(i.slld_OTPPOp) refers to slld.o(i.slld_Poll) for slld_Poll
    slld.o(i.slld_OTPPOp) refers to slld.o(i.slld_WRDICmd) for slld_WRDICmd
    slld.o(i.slld_OTPRCmd) refers to slld_hal.o(i.FLASH_READ) for FLASH_READ
    slld.o(i.slld_P4ECmd) refers to slld_hal.o(i.FLASH_WRITE) for FLASH_WRITE
    slld.o(i.slld_P4EOp) refers to slld.o(i.slld_WRENCmd) for slld_WRENCmd
    slld.o(i.slld_P4EOp) refers to slld.o(i.slld_P4ECmd) for slld_P4ECmd
    slld.o(i.slld_P4EOp) refers to slld.o(i.slld_Poll) for slld_Poll
    slld.o(i.slld_P4EOp) refers to slld.o(i.slld_WRDICmd) for slld_WRDICmd
    slld.o(i.slld_P4E_4BCmd) refers to slld_hal.o(i.FLASH_WRITE) for FLASH_WRITE
    slld.o(i.slld_P4E_4BOp) refers to slld.o(i.slld_WRENCmd) for slld_WRENCmd
    slld.o(i.slld_P4E_4BOp) refers to slld.o(i.slld_P4E_4BCmd) for slld_P4E_4BCmd
    slld.o(i.slld_P4E_4BOp) refers to slld.o(i.slld_Poll) for slld_Poll
    slld.o(i.slld_P4E_4BOp) refers to slld.o(i.slld_WRDICmd) for slld_WRDICmd
    slld.o(i.slld_PASSPCmd) refers to slld_hal.o(i.FLASH_WRITE) for FLASH_WRITE
    slld.o(i.slld_PASSRDCmd) refers to slld_hal.o(i.FLASH_READ) for FLASH_READ
    slld.o(i.slld_PASSUCmd) refers to slld_hal.o(i.FLASH_WRITE) for FLASH_WRITE
    slld.o(i.slld_PGRSCmd) refers to slld_hal.o(i.FLASH_WRITE) for FLASH_WRITE
    slld.o(i.slld_PGSPCmd) refers to slld_hal.o(i.FLASH_WRITE) for FLASH_WRITE
    slld.o(i.slld_PLBRDCmd) refers to slld_hal.o(i.FLASH_READ) for FLASH_READ
    slld.o(i.slld_PLBWRCmd) refers to slld_hal.o(i.FLASH_WRITE) for FLASH_WRITE
    slld.o(i.slld_PNVDLRCmd) refers to slld.o(i.slld_WRENCmd) for slld_WRENCmd
    slld.o(i.slld_PNVDLRCmd) refers to slld_hal.o(i.FLASH_WRITE) for FLASH_WRITE
    slld.o(i.slld_PPB_ERSCmd) refers to slld_hal.o(i.FLASH_WRITE) for FLASH_WRITE
    slld.o(i.slld_PPB_PGCmd) refers to slld_hal.o(i.FLASH_WRITE) for FLASH_WRITE
    slld.o(i.slld_PPB_PGOp) refers to slld.o(i.slld_WRENCmd) for slld_WRENCmd
    slld.o(i.slld_PPB_PGOp) refers to slld.o(i.slld_PPB_PGCmd) for slld_PPB_PGCmd
    slld.o(i.slld_PPB_PGOp) refers to slld.o(i.slld_Poll) for slld_Poll
    slld.o(i.slld_PPB_PGOp) refers to slld.o(i.slld_WRDICmd) for slld_WRDICmd
    slld.o(i.slld_PPB_RDCmd) refers to slld_hal.o(i.FLASH_READ) for FLASH_READ
    slld.o(i.slld_PPCmd) refers to slld_hal.o(i.FLASH_WRITE) for FLASH_WRITE
    slld.o(i.slld_PPOp) refers to slld.o(i.slld_WRENCmd) for slld_WRENCmd
    slld.o(i.slld_PPOp) refers to slld.o(i.slld_PPCmd) for slld_PPCmd
    slld.o(i.slld_PPOp) refers to slld.o(i.slld_Poll) for slld_Poll
    slld.o(i.slld_PPOp) refers to slld.o(i.slld_WRDICmd) for slld_WRDICmd
    slld.o(i.slld_PPOp) refers to slld.o(.data) for g_PAGE_SIZE
    slld.o(i.slld_PP_4BCmd) refers to slld_hal.o(i.FLASH_WRITE) for FLASH_WRITE
    slld.o(i.slld_PP_4BOp) refers to slld.o(i.slld_WRENCmd) for slld_WRENCmd
    slld.o(i.slld_PP_4BOp) refers to slld.o(i.slld_PP_4BCmd) for slld_PP_4BCmd
    slld.o(i.slld_PP_4BOp) refers to slld.o(i.slld_Poll) for slld_Poll
    slld.o(i.slld_PP_4BOp) refers to slld.o(i.slld_WRDICmd) for slld_WRDICmd
    slld.o(i.slld_PP_4BOp) refers to slld.o(.data) for g_PAGE_SIZE
    slld.o(i.slld_Poll) refers to slld.o(i.slld_StatusGet) for slld_StatusGet
    slld.o(i.slld_QPP2Cmd) refers to slld_hal.o(i.FLASH_WRITE) for FLASH_WRITE
    slld.o(i.slld_QPPCmd) refers to slld_hal.o(i.FLASH_WRITE) for FLASH_WRITE
    slld.o(i.slld_QPPOp) refers to slld.o(i.slld_WRENCmd) for slld_WRENCmd
    slld.o(i.slld_QPPOp) refers to slld.o(i.slld_QPPCmd) for slld_QPPCmd
    slld.o(i.slld_QPPOp) refers to slld.o(i.slld_Poll) for slld_Poll
    slld.o(i.slld_QPPOp) refers to slld.o(i.slld_WRDICmd) for slld_WRDICmd
    slld.o(i.slld_QPPOp) refers to slld.o(.data) for g_PAGE_SIZE
    slld.o(i.slld_QPP_4BCmd) refers to slld_hal.o(i.FLASH_WRITE) for FLASH_WRITE
    slld.o(i.slld_QPP_4BOp) refers to slld.o(i.slld_WRENCmd) for slld_WRENCmd
    slld.o(i.slld_QPP_4BOp) refers to slld.o(i.slld_QPP_4BCmd) for slld_QPP_4BCmd
    slld.o(i.slld_QPP_4BOp) refers to slld.o(i.slld_Poll) for slld_Poll
    slld.o(i.slld_QPP_4BOp) refers to slld.o(i.slld_WRDICmd) for slld_WRDICmd
    slld.o(i.slld_QPP_4BOp) refers to slld.o(.data) for g_PAGE_SIZE
    slld.o(i.slld_QuadIOHPReadCmd) refers to slld_hal.o(i.FLASH_READ) for FLASH_READ
    slld.o(i.slld_QuadIOHPReadCmd) refers to slld.o(.data) for modebit_char
    slld.o(i.slld_QuadIOHPRead_4BCmd) refers to slld_hal.o(i.FLASH_READ) for FLASH_READ
    slld.o(i.slld_QuadIOHPRead_4BCmd) refers to slld.o(.data) for modebit_char
    slld.o(i.slld_QuadIOReadCmd) refers to slld_hal.o(i.FLASH_READ) for FLASH_READ
    slld.o(i.slld_QuadIORead_4BCmd) refers to slld_hal.o(i.FLASH_READ) for FLASH_READ
    slld.o(i.slld_QuadWriteOp) refers to slld.o(i.slld_QPPOp) for slld_QPPOp
    slld.o(i.slld_QuadWriteOp) refers to slld.o(.data) for g_PAGE_SIZE
    slld.o(i.slld_RASPCmd) refers to slld_hal.o(i.FLASH_READ) for FLASH_READ
    slld.o(i.slld_RCRCmd) refers to slld_hal.o(i.FLASH_READ) for FLASH_READ
    slld.o(i.slld_RCRSCmd) refers to slld_hal.o(i.FLASH_WRITE) for FLASH_WRITE
    slld.o(i.slld_RCSPCmd) refers to slld_hal.o(i.FLASH_WRITE) for FLASH_WRITE
    slld.o(i.slld_RCVRCmd) refers to slld_hal.o(i.FLASH_WRITE) for FLASH_WRITE
    slld.o(i.slld_RDIDCmd) refers to slld_hal.o(i.FLASH_READ) for FLASH_READ
    slld.o(i.slld_RDSR2Cmd) refers to slld_hal.o(i.FLASH_READ) for FLASH_READ
    slld.o(i.slld_RDSRCmd) refers to slld_hal.o(i.FLASH_READ) for FLASH_READ
    slld.o(i.slld_RESCmd) refers to slld_hal.o(i.FLASH_WRITE) for FLASH_WRITE
    slld.o(i.slld_RPWDCmd) refers to slld_hal.o(i.FLASH_READ) for FLASH_READ
    slld.o(i.slld_ReadCmd) refers to slld_hal.o(i.FLASH_READ) for FLASH_READ
    slld.o(i.slld_ReadModeResetCmd) refers to slld_hal.o(i.FLASH_WRITE) for FLASH_WRITE
    slld.o(i.slld_ReadOp) refers to slld.o(i.slld_DPCmd) for slld_DPCmd
    slld.o(i.slld_ReadOp) refers to slld.o(i.slld_WRRCmd) for slld_WRRCmd
    slld.o(i.slld_ReadOp) refers to slld_hal.o(i.FLASH_READ) for FLASH_READ
    slld.o(i.slld_ReadSFDPCmd) refers to slld_hal.o(i.FLASH_READ) for FLASH_READ
    slld.o(i.slld_Read_4BCmd) refers to slld_hal.o(i.FLASH_READ) for FLASH_READ
    slld.o(i.slld_Read_IDCmd) refers to slld_hal.o(i.FLASH_READ) for FLASH_READ
    slld.o(i.slld_Read_IdentificationCmd) refers to slld_hal.o(i.FLASH_READ) for FLASH_READ
    slld.o(i.slld_SECmd) refers to slld_hal.o(i.FLASH_WRITE) for FLASH_WRITE
    slld.o(i.slld_SEOp) refers to slld.o(i.slld_DPCmd) for slld_DPCmd
    slld.o(i.slld_SEOp) refers to slld.o(i.slld_WRRCmd) for slld_WRRCmd
    slld.o(i.slld_SEOp) refers to slld.o(i.slld_WRENCmd) for slld_WRENCmd
    slld.o(i.slld_SEOp) refers to slld.o(i.slld_SECmd) for slld_SECmd
    slld.o(i.slld_SEOp) refers to slld.o(i.slld_Poll) for slld_Poll
    slld.o(i.slld_SEOp) refers to slld.o(i.slld_WRDICmd) for slld_WRDICmd
    slld.o(i.slld_SE_4BCmd) refers to slld_hal.o(i.FLASH_WRITE) for FLASH_WRITE
    slld.o(i.slld_SE_4BOp) refers to slld.o(i.slld_WRENCmd) for slld_WRENCmd
    slld.o(i.slld_SE_4BOp) refers to slld.o(i.slld_SE_4BCmd) for slld_SE_4BCmd
    slld.o(i.slld_SE_4BOp) refers to slld.o(i.slld_Poll) for slld_Poll
    slld.o(i.slld_SE_4BOp) refers to slld.o(i.slld_WRDICmd) for slld_WRDICmd
    slld.o(i.slld_SPCmd) refers to slld_hal.o(i.FLASH_WRITE) for FLASH_WRITE
    slld.o(i.slld_SRSTCmd) refers to slld.o(i.slld_VersionCmd) for slld_VersionCmd
    slld.o(i.slld_SRSTCmd) refers to slld_hal.o(i.FLASH_WRITE) for FLASH_WRITE
    slld.o(i.slld_SRSTCmd) refers to slld.o(.data) for print_version
    slld.o(i.slld_StatusGet) refers to slld.o(i.slld_RDSRCmd) for slld_RDSRCmd
    slld.o(i.slld_VersionCmd) refers to printf2.o(i.__0printf$2) for __2printf
    slld.o(i.slld_WASPCmd) refers to slld_hal.o(i.FLASH_WRITE) for FLASH_WRITE
    slld.o(i.slld_WASPOp) refers to slld.o(i.slld_WRENCmd) for slld_WRENCmd
    slld.o(i.slld_WASPOp) refers to slld.o(i.slld_WASPCmd) for slld_WASPCmd
    slld.o(i.slld_WASPOp) refers to slld.o(i.slld_Poll) for slld_Poll
    slld.o(i.slld_WASPOp) refers to slld.o(i.slld_WRDICmd) for slld_WRDICmd
    slld.o(i.slld_WPWDCmd) refers to slld_hal.o(i.FLASH_WRITE) for FLASH_WRITE
    slld.o(i.slld_WPWDOp) refers to slld.o(i.slld_WRENCmd) for slld_WRENCmd
    slld.o(i.slld_WPWDOp) refers to slld.o(i.slld_WPWDCmd) for slld_WPWDCmd
    slld.o(i.slld_WPWDOp) refers to slld.o(i.slld_Poll) for slld_Poll
    slld.o(i.slld_WPWDOp) refers to slld.o(i.slld_WRDICmd) for slld_WRDICmd
    slld.o(i.slld_WRDICmd) refers to slld_hal.o(i.FLASH_WRITE) for FLASH_WRITE
    slld.o(i.slld_WRENCmd) refers to slld_hal.o(i.FLASH_WRITE) for FLASH_WRITE
    slld.o(i.slld_WRRCmd) refers to slld_hal.o(i.FLASH_WRITE) for FLASH_WRITE
    slld.o(i.slld_WRROp) refers to slld.o(i.slld_WRENCmd) for slld_WRENCmd
    slld.o(i.slld_WRROp) refers to slld.o(i.slld_WRRCmd) for slld_WRRCmd
    slld.o(i.slld_WRROp) refers to slld.o(i.slld_Poll) for slld_Poll
    slld.o(i.slld_WRROp) refers to slld.o(i.slld_WRDICmd) for slld_WRDICmd
    slld.o(i.slld_WRSRCmd) refers to slld_hal.o(i.FLASH_WRITE) for FLASH_WRITE
    slld.o(i.slld_WRSROp) refers to slld.o(i.slld_WRENCmd) for slld_WRENCmd
    slld.o(i.slld_WRSROp) refers to slld.o(i.slld_WRSRCmd) for slld_WRSRCmd
    slld.o(i.slld_WRSROp) refers to slld.o(i.slld_Poll) for slld_Poll
    slld.o(i.slld_WRSROp) refers to slld.o(i.slld_WRDICmd) for slld_WRDICmd
    slld.o(i.slld_WVDLRCmd) refers to slld.o(i.slld_WRENCmd) for slld_WRENCmd
    slld.o(i.slld_WVDLRCmd) refers to slld_hal.o(i.FLASH_WRITE) for FLASH_WRITE
    slld.o(i.slld_WriteOp) refers to slld.o(i.slld_DPCmd) for slld_DPCmd
    slld.o(i.slld_WriteOp) refers to slld.o(i.slld_WRRCmd) for slld_WRRCmd
    slld.o(i.slld_WriteOp) refers to slld.o(i.slld_WRENCmd) for slld_WRENCmd
    slld.o(i.slld_WriteOp) refers to slld.o(i.slld_PPCmd) for slld_PPCmd
    slld.o(i.slld_WriteOp) refers to slld.o(i.slld_Poll) for slld_Poll
    slld.o(i.slld_WriteOp) refers to slld.o(i.slld_WRDICmd) for slld_WRDICmd
    slld.o(i.slld_WriteOp) refers to slld.o(.data) for g_PAGE_SIZE
    slld_hal.o(i.FLASH_READ) refers to slld_hal.o(i.nrf_gpio_pin_clear) for nrf_gpio_pin_clear
    slld_hal.o(i.FLASH_READ) refers to spi_master.o(i.spi_master_send_recv) for spi_master_send_recv
    slld_hal.o(i.FLASH_READ) refers to slld_hal.o(i.nrf_gpio_pin_set) for nrf_gpio_pin_set
    slld_hal.o(i.FLASH_READ) refers to slld_hal.o(.bss) for tx_buffer
    slld_hal.o(i.FLASH_WRITE) refers to slld_hal.o(i.nrf_gpio_pin_clear) for nrf_gpio_pin_clear
    slld_hal.o(i.FLASH_WRITE) refers to spi_master.o(i.spi_master_send_recv) for spi_master_send_recv
    slld_hal.o(i.FLASH_WRITE) refers to slld_hal.o(i.nrf_gpio_pin_set) for nrf_gpio_pin_set
    slld_hal.o(i.FLASH_WRITE) refers to slld_hal.o(.bss) for tx_buffer
    slld_hal.o(i.spi_EEPROM_init) refers to slld_hal.o(i.nrf_gpio_cfg_output) for nrf_gpio_cfg_output
    slld_hal.o(i.spi_EEPROM_init) refers to slld_hal.o(i.spi_master_init) for spi_master_init
    slld_hal.o(i.spi_EEPROM_init) refers to slld_hal.o(i.nrf_gpio_pin_set) for nrf_gpio_pin_set
    slld_hal.o(i.spi_EEPROM_init) refers to slld_hal.o(i.spi_master_0_event_handler) for spi_master_0_event_handler
    slld_hal.o(i.spi_master_init) refers to memcpya.o(.text) for __aeabi_memcpy4
    slld_hal.o(i.spi_master_init) refers to spi_master.o(i.spi_master_open) for spi_master_open
    slld_hal.o(i.spi_master_init) refers to slld_hal.o(i.app_error_handler) for app_error_handler
    slld_hal.o(i.spi_master_init) refers to spi_master.o(i.spi_master_evt_handler_reg) for spi_master_evt_handler_reg
    slld_hal.o(i.spi_master_init) refers to slld_hal.o(.constdata) for .constdata
    nrf_delay.o(i.nrf_delay_ms) refers to nrf_delay.o(.emb_text) for __asm___11_nrf_delay_c_532987f3__nrf_delay_us
    app_timer.o(i.RTC1_IRQHandler) refers to app_timer.o(i.timer_timeouts_check) for timer_timeouts_check
    app_timer.o(i.SWI0_IRQHandler) refers to app_timer.o(i.timer_list_handler) for timer_list_handler
    app_timer.o(i.app_timer_cnt_diff_compute) refers to app_timer.o(i.ticks_diff_get) for ticks_diff_get
    app_timer.o(i.app_timer_cnt_get) refers to app_timer.o(i.rtc1_counter_get) for rtc1_counter_get
    app_timer.o(i.app_timer_create) refers to app_timer.o(.data) for mp_nodes
    app_timer.o(i.app_timer_init) refers to app_timer.o(i.rtc1_stop) for rtc1_stop
    app_timer.o(i.app_timer_init) refers to app_timer.o(i.NVIC_ClearPendingIRQ) for NVIC_ClearPendingIRQ
    app_timer.o(i.app_timer_init) refers to app_timer.o(i.NVIC_SetPriority) for NVIC_SetPriority
    app_timer.o(i.app_timer_init) refers to app_timer.o(i.NVIC_EnableIRQ) for NVIC_EnableIRQ
    app_timer.o(i.app_timer_init) refers to app_timer.o(i.rtc1_init) for rtc1_init
    app_timer.o(i.app_timer_init) refers to app_timer.o(i.rtc1_counter_get) for rtc1_counter_get
    app_timer.o(i.app_timer_init) refers to app_timer.o(.data) for m_evt_schedule_func
    app_timer.o(i.app_timer_start) refers to app_timer.o(i.user_id_get) for user_id_get
    app_timer.o(i.app_timer_start) refers to app_timer.o(i.timer_start_op_schedule) for timer_start_op_schedule
    app_timer.o(i.app_timer_start) refers to app_timer.o(.data) for mp_nodes
    app_timer.o(i.app_timer_stop) refers to app_timer.o(i.user_id_get) for user_id_get
    app_timer.o(i.app_timer_stop) refers to app_timer.o(i.timer_stop_op_schedule) for timer_stop_op_schedule
    app_timer.o(i.app_timer_stop) refers to app_timer.o(.data) for mp_nodes
    app_timer.o(i.app_timer_stop_all) refers to app_timer.o(i.user_id_get) for user_id_get
    app_timer.o(i.app_timer_stop_all) refers to app_timer.o(i.timer_stop_all_op_schedule) for timer_stop_all_op_schedule
    app_timer.o(i.app_timer_stop_all) refers to app_timer.o(.data) for mp_nodes
    app_timer.o(i.compare_reg_update) refers to app_timer.o(i.rtc1_counter_get) for rtc1_counter_get
    app_timer.o(i.compare_reg_update) refers to app_timer.o(i.ticks_diff_get) for ticks_diff_get
    app_timer.o(i.compare_reg_update) refers to app_timer.o(i.rtc1_start) for rtc1_start
    app_timer.o(i.compare_reg_update) refers to app_timer.o(i.timer_timeouts_check_sched) for timer_timeouts_check_sched
    app_timer.o(i.compare_reg_update) refers to app_timer.o(i.rtc1_stop) for rtc1_stop
    app_timer.o(i.compare_reg_update) refers to app_timer.o(.data) for m_timer_id_head
    app_timer.o(i.elapsed_ticks_acquire) refers to app_timer.o(.data) for m_ticks_elapsed_q_read_ind
    app_timer.o(i.expired_timers_handler) refers to app_timer.o(.data) for m_timer_id_head
    app_timer.o(i.list_deletions_handler) refers to app_timer.o(i.timer_list_remove) for timer_list_remove
    app_timer.o(i.list_deletions_handler) refers to app_timer.o(.data) for m_timer_id_head
    app_timer.o(i.list_insertions_handler) refers to app_timer.o(i.ticks_diff_get) for ticks_diff_get
    app_timer.o(i.list_insertions_handler) refers to app_timer.o(i.timer_list_insert) for timer_list_insert
    app_timer.o(i.list_insertions_handler) refers to app_timer.o(.data) for m_timer_id_head
    app_timer.o(i.rtc1_init) refers to app_timer.o(i.NVIC_SetPriority) for NVIC_SetPriority
    app_timer.o(i.rtc1_start) refers to app_timer.o(i.NVIC_ClearPendingIRQ) for NVIC_ClearPendingIRQ
    app_timer.o(i.rtc1_start) refers to app_timer.o(i.NVIC_EnableIRQ) for NVIC_EnableIRQ
    app_timer.o(i.rtc1_start) refers to app_timer.o(.emb_text) for __asm___11_app_timer_c_cd27f9c3__nrf_delay_us
    app_timer.o(i.rtc1_start) refers to app_timer.o(.data) for m_rtc1_running
    app_timer.o(i.rtc1_stop) refers to app_timer.o(.emb_text) for __asm___11_app_timer_c_cd27f9c3__nrf_delay_us
    app_timer.o(i.rtc1_stop) refers to app_timer.o(.data) for m_ticks_latest
    app_timer.o(i.timeout_handler_exec) refers to slld_hal.o(i.app_error_handler) for app_error_handler
    app_timer.o(i.timeout_handler_exec) refers to app_timer.o(.data) for m_evt_schedule_func
    app_timer.o(i.timer_list_handler) refers to app_timer.o(i.elapsed_ticks_acquire) for elapsed_ticks_acquire
    app_timer.o(i.timer_list_handler) refers to app_timer.o(i.list_deletions_handler) for list_deletions_handler
    app_timer.o(i.timer_list_handler) refers to app_timer.o(i.expired_timers_handler) for expired_timers_handler
    app_timer.o(i.timer_list_handler) refers to app_timer.o(i.list_insertions_handler) for list_insertions_handler
    app_timer.o(i.timer_list_handler) refers to app_timer.o(i.compare_reg_update) for compare_reg_update
    app_timer.o(i.timer_list_handler) refers to app_timer.o(.data) for m_ticks_latest
    app_timer.o(i.timer_list_handler_sched) refers to app_timer.o(i.NVIC_SetPendingIRQ) for NVIC_SetPendingIRQ
    app_timer.o(i.timer_list_insert) refers to app_timer.o(.data) for mp_nodes
    app_timer.o(i.timer_list_remove) refers to app_timer.o(i.rtc1_stop) for rtc1_stop
    app_timer.o(i.timer_list_remove) refers to app_timer.o(.data) for m_timer_id_head
    app_timer.o(i.timer_start_op_schedule) refers to app_timer.o(i.user_op_alloc) for user_op_alloc
    app_timer.o(i.timer_start_op_schedule) refers to app_timer.o(i.rtc1_counter_get) for rtc1_counter_get
    app_timer.o(i.timer_start_op_schedule) refers to app_timer.o(i.user_op_enque) for user_op_enque
    app_timer.o(i.timer_start_op_schedule) refers to app_timer.o(i.timer_list_handler_sched) for timer_list_handler_sched
    app_timer.o(i.timer_start_op_schedule) refers to app_timer.o(.data) for mp_users
    app_timer.o(i.timer_stop_all_op_schedule) refers to app_timer.o(i.user_op_alloc) for user_op_alloc
    app_timer.o(i.timer_stop_all_op_schedule) refers to app_timer.o(i.user_op_enque) for user_op_enque
    app_timer.o(i.timer_stop_all_op_schedule) refers to app_timer.o(i.timer_list_handler_sched) for timer_list_handler_sched
    app_timer.o(i.timer_stop_all_op_schedule) refers to app_timer.o(.data) for mp_users
    app_timer.o(i.timer_stop_op_schedule) refers to app_timer.o(i.user_op_alloc) for user_op_alloc
    app_timer.o(i.timer_stop_op_schedule) refers to app_timer.o(i.user_op_enque) for user_op_enque
    app_timer.o(i.timer_stop_op_schedule) refers to app_timer.o(i.timer_list_handler_sched) for timer_list_handler_sched
    app_timer.o(i.timer_stop_op_schedule) refers to app_timer.o(.data) for mp_users
    app_timer.o(i.timer_timeouts_check) refers to app_timer.o(i.rtc1_counter_get) for rtc1_counter_get
    app_timer.o(i.timer_timeouts_check) refers to app_timer.o(i.ticks_diff_get) for ticks_diff_get
    app_timer.o(i.timer_timeouts_check) refers to app_timer.o(i.timeout_handler_exec) for timeout_handler_exec
    app_timer.o(i.timer_timeouts_check) refers to app_timer.o(i.timer_list_handler_sched) for timer_list_handler_sched
    app_timer.o(i.timer_timeouts_check) refers to app_timer.o(.data) for m_timer_id_head
    app_timer.o(i.timer_timeouts_check_sched) refers to app_timer.o(i.NVIC_SetPendingIRQ) for NVIC_SetPendingIRQ
    app_timer.o(i.user_id_get) refers to app_timer.o(i.current_int_priority_get) for current_int_priority_get
    entry.o(.ARM.Collect$$$$00000000) refers (Special) to entry10a.o(.ARM.Collect$$$$0000000D) for __rt_final_cpp
    entry.o(.ARM.Collect$$$$00000000) refers (Special) to entry11a.o(.ARM.Collect$$$$0000000F) for __rt_final_exit
    entry.o(.ARM.Collect$$$$00000000) refers (Special) to entry7b.o(.ARM.Collect$$$$00000008) for _main_clock
    entry.o(.ARM.Collect$$$$00000000) refers (Special) to entry8b.o(.ARM.Collect$$$$0000000A) for _main_cpp_init
    entry.o(.ARM.Collect$$$$00000000) refers (Special) to entry9a.o(.ARM.Collect$$$$0000000B) for _main_init
    entry.o(.ARM.Collect$$$$00000000) refers (Special) to entry5.o(.ARM.Collect$$$$00000004) for _main_scatterload
    entry.o(.ARM.Collect$$$$00000000) refers (Special) to entry2.o(.ARM.Collect$$$$00000001) for _main_stk
    printfb.o(i.__0fprintf$bare) refers to printfb.o(i._printf_core) for _printf_core
    printfb.o(i.__0fprintf$bare) refers to fputc.o(i.fputc) for fputc
    printfb.o(i.__0printf$bare) refers to printfb.o(i._printf_core) for _printf_core
    printfb.o(i.__0printf$bare) refers to fputc.o(i.fputc) for fputc
    printfb.o(i.__0printf$bare) refers to stdout.o(.data) for __stdout
    printfb.o(i.__0snprintf$bare) refers to printfb.o(i._printf_core) for _printf_core
    printfb.o(i.__0snprintf$bare) refers to printfb.o(i._snputc) for _snputc
    printfb.o(i.__0sprintf$bare) refers to printfb.o(i._printf_core) for _printf_core
    printfb.o(i.__0sprintf$bare) refers to printfb.o(i._sputc) for _sputc
    printfb.o(i.__0vfprintf$bare) refers to printfb.o(i._printf_core) for _printf_core
    printfb.o(i.__0vfprintf$bare) refers to fputc.o(i.fputc) for fputc
    printfb.o(i.__0vprintf$bare) refers to printfb.o(i._printf_core) for _printf_core
    printfb.o(i.__0vprintf$bare) refers to fputc.o(i.fputc) for fputc
    printfb.o(i.__0vprintf$bare) refers to stdout.o(.data) for __stdout
    printfb.o(i.__0vsnprintf$bare) refers to printfb.o(i._printf_core) for _printf_core
    printfb.o(i.__0vsnprintf$bare) refers to printfb.o(i._snputc) for _snputc
    printfb.o(i.__0vsprintf$bare) refers to printfb.o(i._printf_core) for _printf_core
    printfb.o(i.__0vsprintf$bare) refers to printfb.o(i._sputc) for _sputc
    printf0.o(i.__0fprintf$0) refers to printf0.o(i._printf_core) for _printf_core
    printf0.o(i.__0fprintf$0) refers to fputc.o(i.fputc) for fputc
    printf0.o(i.__0printf$0) refers to printf0.o(i._printf_core) for _printf_core
    printf0.o(i.__0printf$0) refers to fputc.o(i.fputc) for fputc
    printf0.o(i.__0printf$0) refers to stdout.o(.data) for __stdout
    printf0.o(i.__0snprintf$0) refers to printf0.o(i._printf_core) for _printf_core
    printf0.o(i.__0snprintf$0) refers to printf0.o(i._snputc) for _snputc
    printf0.o(i.__0sprintf$0) refers to printf0.o(i._printf_core) for _printf_core
    printf0.o(i.__0sprintf$0) refers to printf0.o(i._sputc) for _sputc
    printf0.o(i.__0vfprintf$0) refers to printf0.o(i._printf_core) for _printf_core
    printf0.o(i.__0vfprintf$0) refers to fputc.o(i.fputc) for fputc
    printf0.o(i.__0vprintf$0) refers to printf0.o(i._printf_core) for _printf_core
    printf0.o(i.__0vprintf$0) refers to fputc.o(i.fputc) for fputc
    printf0.o(i.__0vprintf$0) refers to stdout.o(.data) for __stdout
    printf0.o(i.__0vsnprintf$0) refers to printf0.o(i._printf_core) for _printf_core
    printf0.o(i.__0vsnprintf$0) refers to printf0.o(i._snputc) for _snputc
    printf0.o(i.__0vsprintf$0) refers to printf0.o(i._printf_core) for _printf_core
    printf0.o(i.__0vsprintf$0) refers to printf0.o(i._sputc) for _sputc
    printf1.o(i.__0fprintf$1) refers to printf1.o(i._printf_core) for _printf_core
    printf1.o(i.__0fprintf$1) refers to fputc.o(i.fputc) for fputc
    printf1.o(i.__0printf$1) refers to printf1.o(i._printf_core) for _printf_core
    printf1.o(i.__0printf$1) refers to fputc.o(i.fputc) for fputc
    printf1.o(i.__0printf$1) refers to stdout.o(.data) for __stdout
    printf1.o(i.__0snprintf$1) refers to printf1.o(i._printf_core) for _printf_core
    printf1.o(i.__0snprintf$1) refers to printf1.o(i._snputc) for _snputc
    printf1.o(i.__0sprintf$1) refers to printf1.o(i._printf_core) for _printf_core
    printf1.o(i.__0sprintf$1) refers to printf1.o(i._sputc) for _sputc
    printf1.o(i.__0vfprintf$1) refers to printf1.o(i._printf_core) for _printf_core
    printf1.o(i.__0vfprintf$1) refers to fputc.o(i.fputc) for fputc
    printf1.o(i.__0vprintf$1) refers to printf1.o(i._printf_core) for _printf_core
    printf1.o(i.__0vprintf$1) refers to fputc.o(i.fputc) for fputc
    printf1.o(i.__0vprintf$1) refers to stdout.o(.data) for __stdout
    printf1.o(i.__0vsnprintf$1) refers to printf1.o(i._printf_core) for _printf_core
    printf1.o(i.__0vsnprintf$1) refers to printf1.o(i._snputc) for _snputc
    printf1.o(i.__0vsprintf$1) refers to printf1.o(i._printf_core) for _printf_core
    printf1.o(i.__0vsprintf$1) refers to printf1.o(i._sputc) for _sputc
    printf1.o(i._printf_core) refers to uidiv.o(.text) for __aeabi_uidivmod
    printf2.o(i.__0fprintf$2) refers to printf2.o(i._printf_core) for _printf_core
    printf2.o(i.__0fprintf$2) refers to fputc.o(i.fputc) for fputc
    printf2.o(i.__0printf$2) refers to printf2.o(i._printf_core) for _printf_core
    printf2.o(i.__0printf$2) refers to fputc.o(i.fputc) for fputc
    printf2.o(i.__0printf$2) refers to stdout.o(.data) for __stdout
    printf2.o(i.__0snprintf$2) refers to printf2.o(i._printf_core) for _printf_core
    printf2.o(i.__0snprintf$2) refers to printf2.o(i._snputc) for _snputc
    printf2.o(i.__0sprintf$2) refers to printf2.o(i._printf_core) for _printf_core
    printf2.o(i.__0sprintf$2) refers to printf2.o(i._sputc) for _sputc
    printf2.o(i.__0vfprintf$2) refers to printf2.o(i._printf_core) for _printf_core
    printf2.o(i.__0vfprintf$2) refers to fputc.o(i.fputc) for fputc
    printf2.o(i.__0vprintf$2) refers to printf2.o(i._printf_core) for _printf_core
    printf2.o(i.__0vprintf$2) refers to fputc.o(i.fputc) for fputc
    printf2.o(i.__0vprintf$2) refers to stdout.o(.data) for __stdout
    printf2.o(i.__0vsnprintf$2) refers to printf2.o(i._printf_core) for _printf_core
    printf2.o(i.__0vsnprintf$2) refers to printf2.o(i._snputc) for _snputc
    printf2.o(i.__0vsprintf$2) refers to printf2.o(i._printf_core) for _printf_core
    printf2.o(i.__0vsprintf$2) refers to printf2.o(i._sputc) for _sputc
    printf3.o(i.__0fprintf$3) refers to printf3.o(i._printf_core) for _printf_core
    printf3.o(i.__0fprintf$3) refers to fputc.o(i.fputc) for fputc
    printf3.o(i.__0printf$3) refers to printf3.o(i._printf_core) for _printf_core
    printf3.o(i.__0printf$3) refers to fputc.o(i.fputc) for fputc
    printf3.o(i.__0printf$3) refers to stdout.o(.data) for __stdout
    printf3.o(i.__0snprintf$3) refers to printf3.o(i._printf_core) for _printf_core
    printf3.o(i.__0snprintf$3) refers to printf3.o(i._snputc) for _snputc
    printf3.o(i.__0sprintf$3) refers to printf3.o(i._printf_core) for _printf_core
    printf3.o(i.__0sprintf$3) refers to printf3.o(i._sputc) for _sputc
    printf3.o(i.__0vfprintf$3) refers to printf3.o(i._printf_core) for _printf_core
    printf3.o(i.__0vfprintf$3) refers to fputc.o(i.fputc) for fputc
    printf3.o(i.__0vprintf$3) refers to printf3.o(i._printf_core) for _printf_core
    printf3.o(i.__0vprintf$3) refers to fputc.o(i.fputc) for fputc
    printf3.o(i.__0vprintf$3) refers to stdout.o(.data) for __stdout
    printf3.o(i.__0vsnprintf$3) refers to printf3.o(i._printf_core) for _printf_core
    printf3.o(i.__0vsnprintf$3) refers to printf3.o(i._snputc) for _snputc
    printf3.o(i.__0vsprintf$3) refers to printf3.o(i._printf_core) for _printf_core
    printf3.o(i.__0vsprintf$3) refers to printf3.o(i._sputc) for _sputc
    printf3.o(i._printf_core) refers to uidiv.o(.text) for __aeabi_uidivmod
    printf4.o(i.__0fprintf$4) refers to printf4.o(i._printf_core) for _printf_core
    printf4.o(i.__0fprintf$4) refers to fputc.o(i.fputc) for fputc
    printf4.o(i.__0printf$4) refers to printf4.o(i._printf_core) for _printf_core
    printf4.o(i.__0printf$4) refers to fputc.o(i.fputc) for fputc
    printf4.o(i.__0printf$4) refers to stdout.o(.data) for __stdout
    printf4.o(i.__0snprintf$4) refers to printf4.o(i._printf_core) for _printf_core
    printf4.o(i.__0snprintf$4) refers to printf4.o(i._snputc) for _snputc
    printf4.o(i.__0sprintf$4) refers to printf4.o(i._printf_core) for _printf_core
    printf4.o(i.__0sprintf$4) refers to printf4.o(i._sputc) for _sputc
    printf4.o(i.__0vfprintf$4) refers to printf4.o(i._printf_core) for _printf_core
    printf4.o(i.__0vfprintf$4) refers to fputc.o(i.fputc) for fputc
    printf4.o(i.__0vprintf$4) refers to printf4.o(i._printf_core) for _printf_core
    printf4.o(i.__0vprintf$4) refers to fputc.o(i.fputc) for fputc
    printf4.o(i.__0vprintf$4) refers to stdout.o(.data) for __stdout
    printf4.o(i.__0vsnprintf$4) refers to printf4.o(i._printf_core) for _printf_core
    printf4.o(i.__0vsnprintf$4) refers to printf4.o(i._snputc) for _snputc
    printf4.o(i.__0vsprintf$4) refers to printf4.o(i._printf_core) for _printf_core
    printf4.o(i.__0vsprintf$4) refers to printf4.o(i._sputc) for _sputc
    printf4.o(i._printf_core) refers to uldiv.o(.text) for __aeabi_uldivmod
    printf5.o(i.__0fprintf$5) refers to printf5.o(i._printf_core) for _printf_core
    printf5.o(i.__0fprintf$5) refers to fputc.o(i.fputc) for fputc
    printf5.o(i.__0printf$5) refers to printf5.o(i._printf_core) for _printf_core
    printf5.o(i.__0printf$5) refers to fputc.o(i.fputc) for fputc
    printf5.o(i.__0printf$5) refers to stdout.o(.data) for __stdout
    printf5.o(i.__0snprintf$5) refers to printf5.o(i._printf_core) for _printf_core
    printf5.o(i.__0snprintf$5) refers to printf5.o(i._snputc) for _snputc
    printf5.o(i.__0sprintf$5) refers to printf5.o(i._printf_core) for _printf_core
    printf5.o(i.__0sprintf$5) refers to printf5.o(i._sputc) for _sputc
    printf5.o(i.__0vfprintf$5) refers to printf5.o(i._printf_core) for _printf_core
    printf5.o(i.__0vfprintf$5) refers to fputc.o(i.fputc) for fputc
    printf5.o(i.__0vprintf$5) refers to printf5.o(i._printf_core) for _printf_core
    printf5.o(i.__0vprintf$5) refers to fputc.o(i.fputc) for fputc
    printf5.o(i.__0vprintf$5) refers to stdout.o(.data) for __stdout
    printf5.o(i.__0vsnprintf$5) refers to printf5.o(i._printf_core) for _printf_core
    printf5.o(i.__0vsnprintf$5) refers to printf5.o(i._snputc) for _snputc
    printf5.o(i.__0vsprintf$5) refers to printf5.o(i._printf_core) for _printf_core
    printf5.o(i.__0vsprintf$5) refers to printf5.o(i._sputc) for _sputc
    printf5.o(i._printf_core) refers to uldiv.o(.text) for __aeabi_uldivmod
    printf6.o(i.__0fprintf$6) refers to printf6.o(i._printf_core) for _printf_core
    printf6.o(i.__0fprintf$6) refers to fputc.o(i.fputc) for fputc
    printf6.o(i.__0printf$6) refers to printf6.o(i._printf_core) for _printf_core
    printf6.o(i.__0printf$6) refers to fputc.o(i.fputc) for fputc
    printf6.o(i.__0printf$6) refers to stdout.o(.data) for __stdout
    printf6.o(i.__0snprintf$6) refers to printf6.o(i._printf_core) for _printf_core
    printf6.o(i.__0snprintf$6) refers to printf6.o(i._snputc) for _snputc
    printf6.o(i.__0sprintf$6) refers to printf6.o(i._printf_core) for _printf_core
    printf6.o(i.__0sprintf$6) refers to printf6.o(i._sputc) for _sputc
    printf6.o(i.__0vfprintf$6) refers to printf6.o(i._printf_core) for _printf_core
    printf6.o(i.__0vfprintf$6) refers to fputc.o(i.fputc) for fputc
    printf6.o(i.__0vprintf$6) refers to printf6.o(i._printf_core) for _printf_core
    printf6.o(i.__0vprintf$6) refers to fputc.o(i.fputc) for fputc
    printf6.o(i.__0vprintf$6) refers to stdout.o(.data) for __stdout
    printf6.o(i.__0vsnprintf$6) refers to printf6.o(i._printf_core) for _printf_core
    printf6.o(i.__0vsnprintf$6) refers to printf6.o(i._snputc) for _snputc
    printf6.o(i.__0vsprintf$6) refers to printf6.o(i._printf_core) for _printf_core
    printf6.o(i.__0vsprintf$6) refers to printf6.o(i._sputc) for _sputc
    printf6.o(i._printf_core) refers to printf6.o(i._printf_pre_padding) for _printf_pre_padding
    printf6.o(i._printf_core) refers to printf6.o(i._printf_post_padding) for _printf_post_padding
    printf6.o(i._printf_core) refers to uidiv.o(.text) for __aeabi_uidivmod
    printf7.o(i.__0fprintf$7) refers to printf7.o(i._printf_core) for _printf_core
    printf7.o(i.__0fprintf$7) refers to fputc.o(i.fputc) for fputc
    printf7.o(i.__0printf$7) refers to printf7.o(i._printf_core) for _printf_core
    printf7.o(i.__0printf$7) refers to fputc.o(i.fputc) for fputc
    printf7.o(i.__0printf$7) refers to stdout.o(.data) for __stdout
    printf7.o(i.__0snprintf$7) refers to printf7.o(i._printf_core) for _printf_core
    printf7.o(i.__0snprintf$7) refers to printf7.o(i._snputc) for _snputc
    printf7.o(i.__0sprintf$7) refers to printf7.o(i._printf_core) for _printf_core
    printf7.o(i.__0sprintf$7) refers to printf7.o(i._sputc) for _sputc
    printf7.o(i.__0vfprintf$7) refers to printf7.o(i._printf_core) for _printf_core
    printf7.o(i.__0vfprintf$7) refers to fputc.o(i.fputc) for fputc
    printf7.o(i.__0vprintf$7) refers to printf7.o(i._printf_core) for _printf_core
    printf7.o(i.__0vprintf$7) refers to fputc.o(i.fputc) for fputc
    printf7.o(i.__0vprintf$7) refers to stdout.o(.data) for __stdout
    printf7.o(i.__0vsnprintf$7) refers to printf7.o(i._printf_core) for _printf_core
    printf7.o(i.__0vsnprintf$7) refers to printf7.o(i._snputc) for _snputc
    printf7.o(i.__0vsprintf$7) refers to printf7.o(i._printf_core) for _printf_core
    printf7.o(i.__0vsprintf$7) refers to printf7.o(i._sputc) for _sputc
    printf7.o(i._printf_core) refers to printf7.o(i._printf_pre_padding) for _printf_pre_padding
    printf7.o(i._printf_core) refers to printf7.o(i._printf_post_padding) for _printf_post_padding
    printf7.o(i._printf_core) refers to uldiv.o(.text) for __aeabi_uldivmod
    printf8.o(i.__0fprintf$8) refers to printf8.o(i._printf_core) for _printf_core
    printf8.o(i.__0fprintf$8) refers to fputc.o(i.fputc) for fputc
    printf8.o(i.__0printf$8) refers to printf8.o(i._printf_core) for _printf_core
    printf8.o(i.__0printf$8) refers to fputc.o(i.fputc) for fputc
    printf8.o(i.__0printf$8) refers to stdout.o(.data) for __stdout
    printf8.o(i.__0snprintf$8) refers to printf8.o(i._printf_core) for _printf_core
    printf8.o(i.__0snprintf$8) refers to printf8.o(i._snputc) for _snputc
    printf8.o(i.__0sprintf$8) refers to printf8.o(i._printf_core) for _printf_core
    printf8.o(i.__0sprintf$8) refers to printf8.o(i._sputc) for _sputc
    printf8.o(i.__0vfprintf$8) refers to printf8.o(i._printf_core) for _printf_core
    printf8.o(i.__0vfprintf$8) refers to fputc.o(i.fputc) for fputc
    printf8.o(i.__0vprintf$8) refers to printf8.o(i._printf_core) for _printf_core
    printf8.o(i.__0vprintf$8) refers to fputc.o(i.fputc) for fputc
    printf8.o(i.__0vprintf$8) refers to stdout.o(.data) for __stdout
    printf8.o(i.__0vsnprintf$8) refers to printf8.o(i._printf_core) for _printf_core
    printf8.o(i.__0vsnprintf$8) refers to printf8.o(i._snputc) for _snputc
    printf8.o(i.__0vsprintf$8) refers to printf8.o(i._printf_core) for _printf_core
    printf8.o(i.__0vsprintf$8) refers to printf8.o(i._sputc) for _sputc
    printf8.o(i._printf_core) refers to printf8.o(i._printf_pre_padding) for _printf_pre_padding
    printf8.o(i._printf_core) refers to printf8.o(i._printf_post_padding) for _printf_post_padding
    printf8.o(i._printf_core) refers to uldiv.o(.text) for __aeabi_uldivmod
    printfa.o(i.__0fprintf) refers (Special) to iusefp.o(.text) for __I$use$fp
    printfa.o(i.__0fprintf) refers to printfa.o(i._printf_core) for _printf_core
    printfa.o(i.__0fprintf) refers to fputc.o(i.fputc) for fputc
    printfa.o(i.__0printf) refers (Special) to iusefp.o(.text) for __I$use$fp
    printfa.o(i.__0printf) refers to printfa.o(i._printf_core) for _printf_core
    printfa.o(i.__0printf) refers to fputc.o(i.fputc) for fputc
    printfa.o(i.__0printf) refers to stdout.o(.data) for __stdout
    printfa.o(i.__0snprintf) refers (Special) to iusefp.o(.text) for __I$use$fp
    printfa.o(i.__0snprintf) refers to printfa.o(i._printf_core) for _printf_core
    printfa.o(i.__0snprintf) refers to printfa.o(i._snputc) for _snputc
    printfa.o(i.__0sprintf) refers (Special) to iusefp.o(.text) for __I$use$fp
    printfa.o(i.__0sprintf) refers to printfa.o(i._printf_core) for _printf_core
    printfa.o(i.__0sprintf) refers to printfa.o(i._sputc) for _sputc
    printfa.o(i.__0vfprintf) refers (Special) to iusefp.o(.text) for __I$use$fp
    printfa.o(i.__0vfprintf) refers to printfa.o(i._printf_core) for _printf_core
    printfa.o(i.__0vfprintf) refers to fputc.o(i.fputc) for fputc
    printfa.o(i.__0vprintf) refers (Special) to iusefp.o(.text) for __I$use$fp
    printfa.o(i.__0vprintf) refers to printfa.o(i._printf_core) for _printf_core
    printfa.o(i.__0vprintf) refers to fputc.o(i.fputc) for fputc
    printfa.o(i.__0vprintf) refers to stdout.o(.data) for __stdout
    printfa.o(i.__0vsnprintf) refers (Special) to iusefp.o(.text) for __I$use$fp
    printfa.o(i.__0vsnprintf) refers to printfa.o(i._printf_core) for _printf_core
    printfa.o(i.__0vsnprintf) refers to printfa.o(i._snputc) for _snputc
    printfa.o(i.__0vsprintf) refers (Special) to iusefp.o(.text) for __I$use$fp
    printfa.o(i.__0vsprintf) refers to printfa.o(i._printf_core) for _printf_core
    printfa.o(i.__0vsprintf) refers to printfa.o(i._sputc) for _sputc
    printfa.o(i._fp_digits) refers (Special) to iusefp.o(.text) for __I$use$fp
    printfa.o(i._fp_digits) refers to dmul.o(.text) for __aeabi_dmul
    printfa.o(i._fp_digits) refers to ddiv.o(.text) for __aeabi_ddiv
    printfa.o(i._fp_digits) refers to cdrcmple.o(.text) for __aeabi_cdrcmple
    printfa.o(i._fp_digits) refers to dadd.o(.text) for __aeabi_dadd
    printfa.o(i._fp_digits) refers to dfixul.o(.text) for __aeabi_d2ulz
    printfa.o(i._fp_digits) refers to uldiv.o(.text) for __aeabi_uldivmod
    printfa.o(i._printf_core) refers (Special) to iusefp.o(.text) for __I$use$fp
    printfa.o(i._printf_core) refers to printfa.o(i._printf_pre_padding) for _printf_pre_padding
    printfa.o(i._printf_core) refers to uldiv.o(.text) for __aeabi_uldivmod
    printfa.o(i._printf_core) refers to printfa.o(i._printf_post_padding) for _printf_post_padding
    printfa.o(i._printf_core) refers to printfa.o(i._fp_digits) for _fp_digits
    printfa.o(i._printf_core) refers to uidiv.o(.text) for __aeabi_uidivmod
    printfa.o(i._printf_post_padding) refers (Special) to iusefp.o(.text) for __I$use$fp
    printfa.o(i._printf_pre_padding) refers (Special) to iusefp.o(.text) for __I$use$fp
    printfa.o(i._snputc) refers (Special) to iusefp.o(.text) for __I$use$fp
    printfa.o(i._sputc) refers (Special) to iusefp.o(.text) for __I$use$fp
    entry2.o(.ARM.Collect$$$$00000001) refers to entry2.o(.ARM.Collect$$$$00002712) for __lit__00000000
    entry2.o(.ARM.Collect$$$$00002712) refers to arm_startup_nrf51.o(STACK) for __initial_sp
    entry2.o(__vectab_stack_and_reset_area) refers to arm_startup_nrf51.o(STACK) for __initial_sp
    entry2.o(__vectab_stack_and_reset_area) refers to entry.o(.ARM.Collect$$$$00000000) for __main
    entry5.o(.ARM.Collect$$$$00000004) refers to init.o(.text) for __scatterload
    entry9a.o(.ARM.Collect$$$$0000000B) refers to main.o(i.main) for main
    entry9b.o(.ARM.Collect$$$$0000000C) refers to main.o(i.main) for main
    fputc.o(i.fputc) refers (Special) to iusesemip.o(.text) for __I$use$semihosting$fputc
    fputc.o(i.fputc) refers (Special) to semi.o(.text) for __semihosting_library_function
    uldiv.o(.text) refers to llushr.o(.text) for __aeabi_llsr
    uldiv.o(.text) refers to llshl.o(.text) for __aeabi_llsl
    dadd.o(.text) refers to llshl.o(.text) for __aeabi_llsl
    dadd.o(.text) refers to llsshr.o(.text) for __aeabi_lasr
    dadd.o(.text) refers to depilogue.o(.text) for _double_epilogue
    dmul.o(.text) refers to depilogue.o(.text) for _double_epilogue
    ddiv.o(.text) refers to depilogue.o(.text) for _double_round
    dfixul.o(.text) refers to llushr.o(.text) for __aeabi_llsr
    dfixul.o(.text) refers to llshl.o(.text) for __aeabi_llsl
    init.o(.text) refers to entry5.o(.ARM.Collect$$$$00000004) for __main_after_scatterload
    depilogue.o(.text) refers to depilogue.o(i.__ARM_clz) for __ARM_clz
    depilogue.o(.text) refers to llshl.o(.text) for __aeabi_llsl
    depilogue.o(.text) refers to llushr.o(.text) for __aeabi_llsr
    spi_master.o(i.spi_master_get_state) refers to spi_master.o(i.spi_master_get_instance) for spi_master_get_instance
    spi_master.o(i.spi_master_get_state) refers to slld_hal.o(i.app_error_handler) for app_error_handler
    spi_master.o(i.spi_master_evt_handler_reg) refers to spi_master.o(i.spi_master_get_instance) for spi_master_get_instance
    spi_master.o(i.spi_master_evt_handler_reg) refers to slld_hal.o(i.app_error_handler) for app_error_handler


==============================================================================

Removing Unused input sections from the image.

    Removing main.o(.rev16_text), (4 bytes).
    Removing main.o(.revsh_text), (4 bytes).
    Removing main.o(.emb_text), (30 bytes).
    Removing flashapp.o(.rev16_text), (4 bytes).
    Removing flashapp.o(.revsh_text), (4 bytes).
    Removing flashapp.o(.emb_text), (30 bytes).
    Removing arm_startup_nrf51.o(HEAP), (2048 bytes).
    Removing system_nrf51.o(.rev16_text), (4 bytes).
    Removing system_nrf51.o(.revsh_text), (4 bytes).
    Removing system_nrf51.o(i.SystemCoreClockUpdate), (16 bytes).
    Removing spi_master.o(.rev16_text), (4 bytes).
    Removing spi_master.o(.revsh_text), (4 bytes).
    Removing spi_master.o(i.spi_master_close), (212 bytes).
    Removing slld.o(.rev16_text), (4 bytes).
    Removing slld.o(.revsh_text), (4 bytes).
    Removing slld.o(i.slld_ABRDCmd), (24 bytes).
    Removing slld.o(i.slld_ABWRCmd), (24 bytes).
    Removing slld.o(i.slld_ABWROp), (64 bytes).
    Removing slld.o(i.slld_BE1Cmd), (22 bytes).
    Removing slld.o(i.slld_BE1Op), (60 bytes).
    Removing slld.o(i.slld_BECmd), (22 bytes).
    Removing slld.o(i.slld_BEOp), (60 bytes).
    Removing slld.o(i.slld_BRRDCmd), (24 bytes).
    Removing slld.o(i.slld_BRWRCmd), (24 bytes).
    Removing slld.o(i.slld_BlockProtectOp), (54 bytes).
    Removing slld.o(i.slld_BufferedProgramOp), (112 bytes).
    Removing slld.o(i.slld_BufferedProgram_4BOp), (112 bytes).
    Removing slld.o(i.slld_DLPRDCmd), (26 bytes).
    Removing slld.o(i.slld_DPCmd), (22 bytes).
    Removing slld.o(i.slld_DYB_PGCmd), (26 bytes).
    Removing slld.o(i.slld_DYB_PGOp), (52 bytes).
    Removing slld.o(i.slld_DYB_RDCmd), (26 bytes).
    Removing slld.o(i.slld_DualIOHPReadCmd), (40 bytes).
    Removing slld.o(i.slld_DualIOHPRead_4BCmd), (40 bytes).
    Removing slld.o(i.slld_DualIOReadCmd), (28 bytes).
    Removing slld.o(i.slld_DualIORead_4BCmd), (28 bytes).
    Removing slld.o(i.slld_ECCRDCmd), (26 bytes).
    Removing slld.o(i.slld_ERS_RESCmd), (22 bytes).
    Removing slld.o(i.slld_ERS_SSPCmd), (22 bytes).
    Removing slld.o(i.slld_Fast_ReadCmd), (28 bytes).
    Removing slld.o(i.slld_Fast_Read_4BCmd), (28 bytes).
    Removing slld.o(i.slld_OTPPCmd), (26 bytes).
    Removing slld.o(i.slld_OTPPOp), (68 bytes).
    Removing slld.o(i.slld_OTPRCmd), (28 bytes).
    Removing slld.o(i.slld_P4ECmd), (24 bytes).
    Removing slld.o(i.slld_P4EOp), (64 bytes).
    Removing slld.o(i.slld_P4E_4BCmd), (24 bytes).
    Removing slld.o(i.slld_P4E_4BOp), (64 bytes).
    Removing slld.o(i.slld_PASSPCmd), (24 bytes).
    Removing slld.o(i.slld_PASSRDCmd), (24 bytes).
    Removing slld.o(i.slld_PASSUCmd), (24 bytes).
    Removing slld.o(i.slld_PGRSCmd), (22 bytes).
    Removing slld.o(i.slld_PGSPCmd), (22 bytes).
    Removing slld.o(i.slld_PLBRDCmd), (26 bytes).
    Removing slld.o(i.slld_PLBWRCmd), (22 bytes).
    Removing slld.o(i.slld_PNVDLRCmd), (42 bytes).
    Removing slld.o(i.slld_PPB_ERSCmd), (22 bytes).
    Removing slld.o(i.slld_PPB_PGCmd), (24 bytes).
    Removing slld.o(i.slld_PPB_PGOp), (64 bytes).
    Removing slld.o(i.slld_PPB_RDCmd), (26 bytes).
    Removing slld.o(i.slld_PPCmd), (28 bytes).
    Removing slld.o(i.slld_PPOp), (96 bytes).
    Removing slld.o(i.slld_PP_4BCmd), (28 bytes).
    Removing slld.o(i.slld_PP_4BOp), (96 bytes).
    Removing slld.o(i.slld_Poll), (38 bytes).
    Removing slld.o(i.slld_QPP2Cmd), (28 bytes).
    Removing slld.o(i.slld_QPPCmd), (28 bytes).
    Removing slld.o(i.slld_QPPOp), (96 bytes).
    Removing slld.o(i.slld_QPP_4BCmd), (28 bytes).
    Removing slld.o(i.slld_QPP_4BOp), (96 bytes).
    Removing slld.o(i.slld_QuadIOHPReadCmd), (40 bytes).
    Removing slld.o(i.slld_QuadIOHPRead_4BCmd), (40 bytes).
    Removing slld.o(i.slld_QuadIOReadCmd), (28 bytes).
    Removing slld.o(i.slld_QuadIORead_4BCmd), (28 bytes).
    Removing slld.o(i.slld_QuadWriteOp), (76 bytes).
    Removing slld.o(i.slld_RASPCmd), (24 bytes).
    Removing slld.o(i.slld_RCRCmd), (24 bytes).
    Removing slld.o(i.slld_RCRSCmd), (22 bytes).
    Removing slld.o(i.slld_RCSPCmd), (22 bytes).
    Removing slld.o(i.slld_RCVRCmd), (22 bytes).
    Removing slld.o(i.slld_RDSR2Cmd), (24 bytes).
    Removing slld.o(i.slld_RESCmd), (22 bytes).
    Removing slld.o(i.slld_RPWDCmd), (24 bytes).
    Removing slld.o(i.slld_ReadCmd), (28 bytes).
    Removing slld.o(i.slld_ReadModeResetCmd), (24 bytes).
    Removing slld.o(i.slld_ReadOp), (86 bytes).
    Removing slld.o(i.slld_ReadSFDPCmd), (28 bytes).
    Removing slld.o(i.slld_Read_4BCmd), (28 bytes).
    Removing slld.o(i.slld_Read_IDCmd), (24 bytes).
    Removing slld.o(i.slld_Read_IdentificationCmd), (36 bytes).
    Removing slld.o(i.slld_SECmd), (24 bytes).
    Removing slld.o(i.slld_SEOp), (102 bytes).
    Removing slld.o(i.slld_SE_4BCmd), (24 bytes).
    Removing slld.o(i.slld_SE_4BOp), (64 bytes).
    Removing slld.o(i.slld_SPCmd), (22 bytes).
    Removing slld.o(i.slld_SRSTCmd), (44 bytes).
    Removing slld.o(i.slld_VersionCmd), (28 bytes).
    Removing slld.o(i.slld_WASPCmd), (24 bytes).
    Removing slld.o(i.slld_WASPOp), (64 bytes).
    Removing slld.o(i.slld_WPWDCmd), (24 bytes).
    Removing slld.o(i.slld_WPWDOp), (64 bytes).
    Removing slld.o(i.slld_WRDICmd), (22 bytes).
    Removing slld.o(i.slld_WRENCmd), (22 bytes).
    Removing slld.o(i.slld_WRRCmd), (116 bytes).
    Removing slld.o(i.slld_WRROp), (74 bytes).
    Removing slld.o(i.slld_WRSRCmd), (24 bytes).
    Removing slld.o(i.slld_WRSROp), (64 bytes).
    Removing slld.o(i.slld_WVDLRCmd), (42 bytes).
    Removing slld.o(i.slld_WriteOp), (156 bytes).
    Removing slld.o(.data), (9 bytes).
    Removing slld_hal.o(.rev16_text), (4 bytes).
    Removing slld_hal.o(.revsh_text), (4 bytes).
    Removing slld_hal.o(.emb_text), (30 bytes).
    Removing slld_hal.o(i.check_buf_equal), (34 bytes).
    Removing nrf_delay.o(.rev16_text), (4 bytes).
    Removing nrf_delay.o(.revsh_text), (4 bytes).
    Removing app_timer.o(.rev16_text), (4 bytes).
    Removing app_timer.o(.revsh_text), (4 bytes).
    Removing app_timer.o(i.NVIC_SetPriority), (120 bytes).
    Removing app_timer.o(i.app_timer_cnt_diff_compute), (22 bytes).
    Removing app_timer.o(i.app_timer_cnt_get), (14 bytes).
    Removing app_timer.o(i.app_timer_create), (116 bytes).
    Removing app_timer.o(i.app_timer_init), (240 bytes).
    Removing app_timer.o(i.app_timer_start), (108 bytes).
    Removing app_timer.o(i.app_timer_stop), (68 bytes).
    Removing app_timer.o(i.app_timer_stop_all), (32 bytes).
    Removing app_timer.o(i.current_int_priority_get), (92 bytes).
    Removing app_timer.o(i.rtc1_init), (24 bytes).
    Removing app_timer.o(i.timer_start_op_schedule), (84 bytes).
    Removing app_timer.o(i.timer_stop_all_op_schedule), (64 bytes).
    Removing app_timer.o(i.timer_stop_op_schedule), (64 bytes).
    Removing app_timer.o(i.user_id_get), (34 bytes).
    Removing app_timer.o(i.user_op_alloc), (44 bytes).
    Removing app_timer.o(i.user_op_enque), (4 bytes).
    Removing dadd.o(.text), (356 bytes).
    Removing dmul.o(.text), (208 bytes).
    Removing ddiv.o(.text), (240 bytes).
    Removing dfixul.o(.text), (64 bytes).
    Removing cdrcmple.o(.text), (40 bytes).
    Removing depilogue.o(.text), (192 bytes).
    Removing spi_master.o(i.spi_master_get_state), (92 bytes).
    Removing depilogue.o(i.__ARM_clz), (46 bytes).

142 unused section(s) (total 8713 bytes) removed from the image.

==============================================================================

Image Symbol Table

    Local Symbols

    Symbol Name                              Value     Ov Type        Size  Object(Section)

    ../clib/microlib/division.c              0x00000000   Number         0  uidiv.o ABSOLUTE
    ../clib/microlib/division.c              0x00000000   Number         0  uldiv.o ABSOLUTE
    ../clib/microlib/init/entry.s            0x00000000   Number         0  entry9b.o ABSOLUTE
    ../clib/microlib/init/entry.s            0x00000000   Number         0  entry8a.o ABSOLUTE
    ../clib/microlib/init/entry.s            0x00000000   Number         0  entry7b.o ABSOLUTE
    ../clib/microlib/init/entry.s            0x00000000   Number         0  entry11b.o ABSOLUTE
    ../clib/microlib/init/entry.s            0x00000000   Number         0  entry11a.o ABSOLUTE
    ../clib/microlib/init/entry.s            0x00000000   Number         0  entry10b.o ABSOLUTE
    ../clib/microlib/init/entry.s            0x00000000   Number         0  entry8b.o ABSOLUTE
    ../clib/microlib/init/entry.s            0x00000000   Number         0  entry9a.o ABSOLUTE
    ../clib/microlib/init/entry.s            0x00000000   Number         0  entry7a.o ABSOLUTE
    ../clib/microlib/init/entry.s            0x00000000   Number         0  entry10a.o ABSOLUTE
    ../clib/microlib/init/entry.s            0x00000000   Number         0  entry.o ABSOLUTE
    ../clib/microlib/init/entry.s            0x00000000   Number         0  entry2.o ABSOLUTE
    ../clib/microlib/init/entry.s            0x00000000   Number         0  entry5.o ABSOLUTE
    ../clib/microlib/longlong.c              0x00000000   Number         0  llshl.o ABSOLUTE
    ../clib/microlib/longlong.c              0x00000000   Number         0  llushr.o ABSOLUTE
    ../clib/microlib/longlong.c              0x00000000   Number         0  llsshr.o ABSOLUTE
    ../clib/microlib/printf/printf.c         0x00000000   Number         0  printf4.o ABSOLUTE
    ../clib/microlib/printf/printf.c         0x00000000   Number         0  printf1.o ABSOLUTE
    ../clib/microlib/printf/printf.c         0x00000000   Number         0  printfb.o ABSOLUTE
    ../clib/microlib/printf/printf.c         0x00000000   Number         0  printf5.o ABSOLUTE
    ../clib/microlib/printf/printf.c         0x00000000   Number         0  printf3.o ABSOLUTE
    ../clib/microlib/printf/printf.c         0x00000000   Number         0  printf2.o ABSOLUTE
    ../clib/microlib/printf/printf.c         0x00000000   Number         0  printf8.o ABSOLUTE
    ../clib/microlib/printf/printf.c         0x00000000   Number         0  printfa.o ABSOLUTE
    ../clib/microlib/printf/printf.c         0x00000000   Number         0  printf7.o ABSOLUTE
    ../clib/microlib/printf/printf.c         0x00000000   Number         0  printf0.o ABSOLUTE
    ../clib/microlib/printf/printf.c         0x00000000   Number         0  printf6.o ABSOLUTE
    ../clib/microlib/printf/stubs.s          0x00000000   Number         0  stubs.o ABSOLUTE
    ../clib/microlib/stdio/fputc.c           0x00000000   Number         0  fputc.o ABSOLUTE
    ../clib/microlib/stdio/semi.s            0x00000000   Number         0  semi.o ABSOLUTE
    ../clib/microlib/stdio/streams.c         0x00000000   Number         0  stdout.o ABSOLUTE
    ../clib/microlib/string/memcpy.c         0x00000000   Number         0  memcpya.o ABSOLUTE
    ../clib/microlib/string/memcpy.c         0x00000000   Number         0  memcpyb.o ABSOLUTE
    ../clib/microlib/stubs.s                 0x00000000   Number         0  iusefp.o ABSOLUTE
    ../clib/microlib/stubs.s                 0x00000000   Number         0  iusesemip.o ABSOLUTE
    ../fplib/microlib/fpadd.c                0x00000000   Number         0  dadd.o ABSOLUTE
    ../fplib/microlib/fpdiv.c                0x00000000   Number         0  ddiv.o ABSOLUTE
    ../fplib/microlib/fpepilogue.c           0x00000000   Number         0  depilogue.o ABSOLUTE
    ../fplib/microlib/fpfix.c                0x00000000   Number         0  dfixul.o ABSOLUTE
    ../fplib/microlib/fpmul.c                0x00000000   Number         0  dmul.o ABSOLUTE
    ..\..\Source\app_common\app_timer.c      0x00000000   Number         0  app_timer.o ABSOLUTE
    ..\..\Source\nrf_delay\nrf_delay.c       0x00000000   Number         0  nrf_delay.o ABSOLUTE
    ..\..\Source\spi_master\spi_master.c     0x00000000   Number         0  spi_master.o ABSOLUTE
    ..\..\Source\templates\arm\arm_startup_nrf51.s 0x00000000   Number         0  arm_startup_nrf51.o ABSOLUTE
    ..\..\Source\templates\system_nrf51.c    0x00000000   Number         0  system_nrf51.o ABSOLUTE
    ..\FlashApp.c                            0x00000000   Number         0  flashapp.o ABSOLUTE
    ..\Spansion_SLLD_v13.2.1\Hals\nRF51xxx\slld_hal.c 0x00000000   Number         0  slld_hal.o ABSOLUTE
    ..\Spansion_SLLD_v13.2.1\src\slld.c      0x00000000   Number         0  slld.o ABSOLUTE
    ..\\..\\Source\\app_common\\app_timer.c  0x00000000   Number         0  app_timer.o ABSOLUTE
    ..\\..\\Source\\nrf_delay\\nrf_delay.c   0x00000000   Number         0  nrf_delay.o ABSOLUTE
    ..\\..\\Source\\spi_master\\spi_master.c 0x00000000   Number         0  spi_master.o ABSOLUTE
    ..\\..\\Source\\templates\\system_nrf51.c 0x00000000   Number         0  system_nrf51.o ABSOLUTE
    ..\\FlashApp.c                           0x00000000   Number         0  flashapp.o ABSOLUTE
    ..\\Spansion_SLLD_v13.2.1\\Hals\\nRF51xxx\\slld_hal.c 0x00000000   Number         0  slld_hal.o ABSOLUTE
    ..\\Spansion_SLLD_v13.2.1\\src\\slld.c   0x00000000   Number         0  slld.o ABSOLUTE
    ..\\main.c                               0x00000000   Number         0  main.o ABSOLUTE
    ..\main.c                                0x00000000   Number         0  main.o ABSOLUTE
    cdrcmple.s                               0x00000000   Number         0  cdrcmple.o ABSOLUTE
    dc.s                                     0x00000000   Number         0  dc.o ABSOLUTE
    handlers.s                               0x00000000   Number         0  handlers.o ABSOLUTE
    init.s                                   0x00000000   Number         0  init.o ABSOLUTE
    RESET                                    0x0000d000   Section      192  arm_startup_nrf51.o(RESET)
    .ARM.Collect$$$$00000000                 0x0000d0c0   Section        0  entry.o(.ARM.Collect$$$$00000000)
    .ARM.Collect$$$$00000001                 0x0000d0c0   Section        4  entry2.o(.ARM.Collect$$$$00000001)
    .ARM.Collect$$$$00000004                 0x0000d0c4   Section        4  entry5.o(.ARM.Collect$$$$00000004)
    .ARM.Collect$$$$00000008                 0x0000d0c8   Section        0  entry7b.o(.ARM.Collect$$$$00000008)
    .ARM.Collect$$$$0000000A                 0x0000d0c8   Section        0  entry8b.o(.ARM.Collect$$$$0000000A)
    .ARM.Collect$$$$0000000B                 0x0000d0c8   Section        8  entry9a.o(.ARM.Collect$$$$0000000B)
    .ARM.Collect$$$$0000000D                 0x0000d0d0   Section        0  entry10a.o(.ARM.Collect$$$$0000000D)
    .ARM.Collect$$$$0000000F                 0x0000d0d0   Section        0  entry11a.o(.ARM.Collect$$$$0000000F)
    .ARM.Collect$$$$00002712                 0x0000d0d0   Section        4  entry2.o(.ARM.Collect$$$$00002712)
    __lit__00000000                          0x0000d0d0   Data           4  entry2.o(.ARM.Collect$$$$00002712)
    .emb_text                                0x0000d0d4   Section       30  nrf_delay.o(.emb_text)
    .emb_text                                0x0000d0f4   Section       30  app_timer.o(.emb_text)
    .text                                    0x0000d114   Section       56  arm_startup_nrf51.o(.text)
    .text                                    0x0000d14c   Section        0  memcpya.o(.text)
    .text                                    0x0000d170   Section       36  init.o(.text)
    i.FLASH_READ                             0x0000d194   Section        0  slld_hal.o(i.FLASH_READ)
    i.FLASH_WRITE                            0x0000d310   Section        0  slld_hal.o(i.FLASH_WRITE)
    i.NVIC_ClearPendingIRQ                   0x0000d3b4   Section        0  app_timer.o(i.NVIC_ClearPendingIRQ)
    NVIC_ClearPendingIRQ                     0x0000d3b5   Thumb Code    14  app_timer.o(i.NVIC_ClearPendingIRQ)
    i.NVIC_EnableIRQ                         0x0000d3c8   Section        0  app_timer.o(i.NVIC_EnableIRQ)
    NVIC_EnableIRQ                           0x0000d3c9   Thumb Code    14  app_timer.o(i.NVIC_EnableIRQ)
    i.NVIC_SetPendingIRQ                     0x0000d3dc   Section        0  app_timer.o(i.NVIC_SetPendingIRQ)
    NVIC_SetPendingIRQ                       0x0000d3dd   Thumb Code    14  app_timer.o(i.NVIC_SetPendingIRQ)
    i.RTC1_IRQHandler                        0x0000d3f0   Section        0  app_timer.o(i.RTC1_IRQHandler)
    i.SPI0_TWI0_IRQHandler                   0x0000d418   Section        0  spi_master.o(i.SPI0_TWI0_IRQHandler)
    i.SWI0_IRQHandler                        0x0000d44c   Section        0  app_timer.o(i.SWI0_IRQHandler)
    i.SystemInit                             0x0000d454   Section        0  system_nrf51.o(i.SystemInit)
    i.__scatterload_copy                     0x0000d48c   Section       14  handlers.o(i.__scatterload_copy)
    i.__scatterload_null                     0x0000d49a   Section        2  handlers.o(i.__scatterload_null)
    i.__scatterload_zeroinit                 0x0000d49c   Section       14  handlers.o(i.__scatterload_zeroinit)
    i.app_error_handler                      0x0000d4aa   Section        0  slld_hal.o(i.app_error_handler)
    i.compare_reg_update                     0x0000d4b0   Section        0  app_timer.o(i.compare_reg_update)
    compare_reg_update                       0x0000d4b1   Thumb Code   122  app_timer.o(i.compare_reg_update)
    i.elapsed_ticks_acquire                  0x0000d540   Section        0  app_timer.o(i.elapsed_ticks_acquire)
    elapsed_ticks_acquire                    0x0000d541   Thumb Code    82  app_timer.o(i.elapsed_ticks_acquire)
    i.expired_timers_handler                 0x0000d5a4   Section        0  app_timer.o(i.expired_timers_handler)
    expired_timers_handler                   0x0000d5a5   Thumb Code    98  app_timer.o(i.expired_timers_handler)
    i.init_LEDs                              0x0000d610   Section        0  main.o(i.init_LEDs)
    i.init_flash_app                         0x0000d644   Section        0  flashapp.o(i.init_flash_app)
    i.is_disabled_in_debug_needed            0x0000d694   Section        0  system_nrf51.o(i.is_disabled_in_debug_needed)
    is_disabled_in_debug_needed              0x0000d695   Thumb Code    48  system_nrf51.o(i.is_disabled_in_debug_needed)
    i.is_manual_peripheral_setup_needed      0x0000d6c8   Section        0  system_nrf51.o(i.is_manual_peripheral_setup_needed)
    is_manual_peripheral_setup_needed        0x0000d6c9   Thumb Code    94  system_nrf51.o(i.is_manual_peripheral_setup_needed)
    i.list_deletions_handler                 0x0000d72c   Section        0  app_timer.o(i.list_deletions_handler)
    list_deletions_handler                   0x0000d72d   Thumb Code   174  app_timer.o(i.list_deletions_handler)
    i.list_insertions_handler                0x0000d7ec   Section        0  app_timer.o(i.list_insertions_handler)
    list_insertions_handler                  0x0000d7ed   Thumb Code   260  app_timer.o(i.list_insertions_handler)
    i.main                                   0x0000d908   Section        0  main.o(i.main)
    i.nrf_delay_ms                           0x0000d928   Section        0  nrf_delay.o(i.nrf_delay_ms)
    i.nrf_gpio_cfg_output                    0x0000d944   Section        0  main.o(i.nrf_gpio_cfg_output)
    nrf_gpio_cfg_output                      0x0000d945   Thumb Code    18  main.o(i.nrf_gpio_cfg_output)
    i.nrf_gpio_cfg_output                    0x0000d956   Section        0  spi_master.o(i.nrf_gpio_cfg_output)
    nrf_gpio_cfg_output                      0x0000d957   Thumb Code    18  spi_master.o(i.nrf_gpio_cfg_output)
    i.nrf_gpio_cfg_output                    0x0000d968   Section        0  slld_hal.o(i.nrf_gpio_cfg_output)
    nrf_gpio_cfg_output                      0x0000d969   Thumb Code    18  slld_hal.o(i.nrf_gpio_cfg_output)
    i.nrf_gpio_pin_clear                     0x0000d97c   Section        0  spi_master.o(i.nrf_gpio_pin_clear)
    nrf_gpio_pin_clear                       0x0000d97d   Thumb Code    10  spi_master.o(i.nrf_gpio_pin_clear)
    i.nrf_gpio_pin_clear                     0x0000d98c   Section        0  slld_hal.o(i.nrf_gpio_pin_clear)
    nrf_gpio_pin_clear                       0x0000d98d   Thumb Code    10  slld_hal.o(i.nrf_gpio_pin_clear)
    i.nrf_gpio_pin_set                       0x0000d99c   Section        0  main.o(i.nrf_gpio_pin_set)
    nrf_gpio_pin_set                         0x0000d99d   Thumb Code    10  main.o(i.nrf_gpio_pin_set)
    i.nrf_gpio_pin_set                       0x0000d9ac   Section        0  spi_master.o(i.nrf_gpio_pin_set)
    nrf_gpio_pin_set                         0x0000d9ad   Thumb Code    10  spi_master.o(i.nrf_gpio_pin_set)
    i.nrf_gpio_pin_set                       0x0000d9bc   Section        0  slld_hal.o(i.nrf_gpio_pin_set)
    nrf_gpio_pin_set                         0x0000d9bd   Thumb Code    10  slld_hal.o(i.nrf_gpio_pin_set)
    i.rtc1_counter_get                       0x0000d9cc   Section        0  app_timer.o(i.rtc1_counter_get)
    rtc1_counter_get                         0x0000d9cd   Thumb Code     6  app_timer.o(i.rtc1_counter_get)
    i.rtc1_start                             0x0000d9d8   Section        0  app_timer.o(i.rtc1_start)
    rtc1_start                               0x0000d9d9   Thumb Code    48  app_timer.o(i.rtc1_start)
    i.rtc1_stop                              0x0000da14   Section        0  app_timer.o(i.rtc1_stop)
    rtc1_stop                                0x0000da15   Thumb Code    66  app_timer.o(i.rtc1_stop)
    i.slld_ClearStatusRegisterCmd            0x0000da6c   Section        0  slld.o(i.slld_ClearStatusRegisterCmd)
    i.slld_RDIDCmd                           0x0000da82   Section        0  slld.o(i.slld_RDIDCmd)
    i.slld_RDSRCmd                           0x0000da9c   Section        0  slld.o(i.slld_RDSRCmd)
    i.slld_StatusGet                         0x0000dab4   Section        0  slld.o(i.slld_StatusGet)
    i.spi_EEPROM_init                        0x0000db04   Section        0  slld_hal.o(i.spi_EEPROM_init)
    i.spi_master_0_event_handler             0x0000db3c   Section        0  slld_hal.o(i.spi_master_0_event_handler)
    i.spi_master_buffer_init                 0x0000db50   Section        0  spi_master.o(i.spi_master_buffer_init)
    spi_master_buffer_init                   0x0000db51   Thumb Code   136  spi_master.o(i.spi_master_buffer_init)
    i.spi_master_buffer_release              0x0000dc00   Section        0  spi_master.o(i.spi_master_buffer_release)
    spi_master_buffer_release                0x0000dc01   Thumb Code    78  spi_master.o(i.spi_master_buffer_release)
    i.spi_master_evt_handler_reg             0x0000dc78   Section        0  spi_master.o(i.spi_master_evt_handler_reg)
    i.spi_master_get_instance                0x0000dcd4   Section        0  spi_master.o(i.spi_master_get_instance)
    spi_master_get_instance                  0x0000dcd5   Thumb Code    20  spi_master.o(i.spi_master_get_instance)
    i.spi_master_init                        0x0000dcec   Section        0  slld_hal.o(i.spi_master_init)
    spi_master_init                          0x0000dced   Thumb Code   106  slld_hal.o(i.spi_master_init)
    i.spi_master_init_hw_instance            0x0000dd90   Section        0  spi_master.o(i.spi_master_init_hw_instance)
    spi_master_init_hw_instance              0x0000dd91   Thumb Code    90  spi_master.o(i.spi_master_init_hw_instance)
    i.spi_master_open                        0x0000de14   Section        0  spi_master.o(i.spi_master_open)
    i.spi_master_send_initial_bytes          0x0000dfa0   Section        0  spi_master.o(i.spi_master_send_initial_bytes)
    spi_master_send_initial_bytes            0x0000dfa1   Thumb Code   126  spi_master.o(i.spi_master_send_initial_bytes)
    i.spi_master_send_recv                   0x0000e048   Section        0  spi_master.o(i.spi_master_send_recv)
    i.spi_master_send_recv_irq               0x0000e1a4   Section        0  spi_master.o(i.spi_master_send_recv_irq)
    spi_master_send_recv_irq                 0x0000e1a5   Thumb Code   206  spi_master.o(i.spi_master_send_recv_irq)
    i.spi_master_signal_evt                  0x0000e29c   Section        0  spi_master.o(i.spi_master_signal_evt)
    spi_master_signal_evt                    0x0000e29d   Thumb Code    68  spi_master.o(i.spi_master_signal_evt)
    i.ticks_diff_get                         0x0000e30c   Section        0  app_timer.o(i.ticks_diff_get)
    ticks_diff_get                           0x0000e30d   Thumb Code    10  app_timer.o(i.ticks_diff_get)
    i.timeout_handler_exec                   0x0000e318   Section        0  app_timer.o(i.timeout_handler_exec)
    timeout_handler_exec                     0x0000e319   Thumb Code    60  app_timer.o(i.timeout_handler_exec)
    i.timer_list_handler                     0x0000e37c   Section        0  app_timer.o(i.timer_list_handler)
    timer_list_handler                       0x0000e37d   Thumb Code    70  app_timer.o(i.timer_list_handler)
    i.timer_list_handler_sched               0x0000e3cc   Section        0  app_timer.o(i.timer_list_handler_sched)
    timer_list_handler_sched                 0x0000e3cd   Thumb Code    10  app_timer.o(i.timer_list_handler_sched)
    i.timer_list_insert                      0x0000e3d8   Section        0  app_timer.o(i.timer_list_insert)
    timer_list_insert                        0x0000e3d9   Thumb Code   206  app_timer.o(i.timer_list_insert)
    i.timer_list_remove                      0x0000e4b0   Section        0  app_timer.o(i.timer_list_remove)
    timer_list_remove                        0x0000e4b1   Thumb Code   162  app_timer.o(i.timer_list_remove)
    i.timer_timeouts_check                   0x0000e55c   Section        0  app_timer.o(i.timer_timeouts_check)
    timer_timeouts_check                     0x0000e55d   Thumb Code   128  app_timer.o(i.timer_timeouts_check)
    i.timer_timeouts_check_sched             0x0000e5f4   Section        0  app_timer.o(i.timer_timeouts_check_sched)
    timer_timeouts_check_sched               0x0000e5f5   Thumb Code    10  app_timer.o(i.timer_timeouts_check_sched)
    .constdata                               0x0000e600   Section        4  spi_master.o(.constdata)
    .constdata                               0x0000e604   Section       28  slld_hal.o(.constdata)
    .data                                    0x20000900   Section        1  flashapp.o(.data)
    .data                                    0x20000904   Section        4  system_nrf51.o(.data)
    __tagsym$$used                           0x20000904   Number         0  system_nrf51.o(.data)
    .data                                    0x20000908   Section       37  app_timer.o(.data)
    mp_nodes                                 0x20000908   Data           4  app_timer.o(.data)
    m_node_array_size                        0x2000090c   Data           1  app_timer.o(.data)
    m_user_array_size                        0x2000090d   Data           1  app_timer.o(.data)
    mp_users                                 0x20000910   Data           4  app_timer.o(.data)
    m_timer_id_head                          0x20000914   Data           4  app_timer.o(.data)
    m_ticks_latest                           0x20000918   Data           4  app_timer.o(.data)
    m_ticks_elapsed                          0x2000091c   Data           8  app_timer.o(.data)
    m_ticks_elapsed_q_read_ind               0x20000924   Data           1  app_timer.o(.data)
    m_ticks_elapsed_q_write_ind              0x20000925   Data           1  app_timer.o(.data)
    m_evt_schedule_func                      0x20000928   Data           4  app_timer.o(.data)
    m_rtc1_running                           0x2000092c   Data           1  app_timer.o(.data)
    .bss                                     0x20000930   Section       40  spi_master.o(.bss)
    m_spi_master_instances                   0x20000930   Data          40  spi_master.o(.bss)
    .bss                                     0x20000958   Section      512  slld_hal.o(.bss)
    STACK                                    0x20000b58   Section     2048  arm_startup_nrf51.o(STACK)

    Global Symbols

    Symbol Name                              Value     Ov Type        Size  Object(Section)

    BuildAttributes$$THM_ISAv3M$S$PE$A:L22$X:L11$S22$IEEE1$IW$USESV6$~STKCKD$USESV7$~SHL$OSPACE$ROPI$EBA8$MICROLIB$REQ8$PRES8$EABIv2 0x00000000   Number         0  anon$$obj.o ABSOLUTE
    __ARM_use_no_argv                        0x00000000   Number         0  main.o ABSOLUTE
    _printf_a                                0x00000000   Number         0  stubs.o ABSOLUTE
    _printf_c                                0x00000000   Number         0  stubs.o ABSOLUTE
    _printf_charcount                        0x00000000   Number         0  stubs.o ABSOLUTE
    _printf_d                                0x00000000   Number         0  stubs.o ABSOLUTE
    _printf_e                                0x00000000   Number         0  stubs.o ABSOLUTE
    _printf_f                                0x00000000   Number         0  stubs.o ABSOLUTE
    _printf_flags                            0x00000000   Number         0  stubs.o ABSOLUTE
    _printf_fp_dec                           0x00000000   Number         0  stubs.o ABSOLUTE
    _printf_fp_hex                           0x00000000   Number         0  stubs.o ABSOLUTE
    _printf_g                                0x00000000   Number         0  stubs.o ABSOLUTE
    _printf_i                                0x00000000   Number         0  stubs.o ABSOLUTE
    _printf_int_dec                          0x00000000   Number         0  stubs.o ABSOLUTE
    _printf_l                                0x00000000   Number         0  stubs.o ABSOLUTE
    _printf_lc                               0x00000000   Number         0  stubs.o ABSOLUTE
    _printf_ll                               0x00000000   Number         0  stubs.o ABSOLUTE
    _printf_lld                              0x00000000   Number         0  stubs.o ABSOLUTE
    _printf_lli                              0x00000000   Number         0  stubs.o ABSOLUTE
    _printf_llo                              0x00000000   Number         0  stubs.o ABSOLUTE
    _printf_llu                              0x00000000   Number         0  stubs.o ABSOLUTE
    _printf_llx                              0x00000000   Number         0  stubs.o ABSOLUTE
    _printf_longlong_dec                     0x00000000   Number         0  stubs.o ABSOLUTE
    _printf_longlong_hex                     0x00000000   Number         0  stubs.o ABSOLUTE
    _printf_longlong_oct                     0x00000000   Number         0  stubs.o ABSOLUTE
    _printf_ls                               0x00000000   Number         0  stubs.o ABSOLUTE
    _printf_mbtowc                           0x00000000   Number         0  stubs.o ABSOLUTE
    _printf_n                                0x00000000   Number         0  stubs.o ABSOLUTE
    _printf_o                                0x00000000   Number         0  stubs.o ABSOLUTE
    _printf_p                                0x00000000   Number         0  stubs.o ABSOLUTE
    _printf_percent                          0x00000000   Number         0  stubs.o ABSOLUTE
    _printf_pre_padding                      0x00000000   Number         0  stubs.o ABSOLUTE
    _printf_return_value                     0x00000000   Number         0  stubs.o ABSOLUTE
    _printf_s                                0x00000000   Number         0  stubs.o ABSOLUTE
    _printf_sizespec                         0x00000000   Number         0  stubs.o ABSOLUTE
    _printf_str                              0x00000000   Number         0  stubs.o ABSOLUTE
    _printf_truncate_signed                  0x00000000   Number         0  stubs.o ABSOLUTE
    _printf_truncate_unsigned                0x00000000   Number         0  stubs.o ABSOLUTE
    _printf_u                                0x00000000   Number         0  stubs.o ABSOLUTE
    _printf_wc                               0x00000000   Number         0  stubs.o ABSOLUTE
    _printf_wctomb                           0x00000000   Number         0  stubs.o ABSOLUTE
    _printf_widthprec                        0x00000000   Number         0  stubs.o ABSOLUTE
    _printf_x                                0x00000000   Number         0  stubs.o ABSOLUTE
    __cpp_initialize__aeabi_                  - Undefined Weak Reference
    __cxa_finalize                            - Undefined Weak Reference
    __decompress                              - Undefined Weak Reference
    _clock_init                               - Undefined Weak Reference
    _microlib_exit                            - Undefined Weak Reference
    __Vectors_Size                           0x000000c0   Number         0  arm_startup_nrf51.o ABSOLUTE
    __Vectors                                0x0000d000   Data           4  arm_startup_nrf51.o(RESET)
    __Vectors_End                            0x0000d0c0   Data           0  arm_startup_nrf51.o(RESET)
    __main                                   0x0000d0c1   Thumb Code     0  entry.o(.ARM.Collect$$$$00000000)
    _main_stk                                0x0000d0c1   Thumb Code     0  entry2.o(.ARM.Collect$$$$00000001)
    _main_scatterload                        0x0000d0c5   Thumb Code     0  entry5.o(.ARM.Collect$$$$00000004)
    __main_after_scatterload                 0x0000d0c9   Thumb Code     0  entry5.o(.ARM.Collect$$$$00000004)
    _main_clock                              0x0000d0c9   Thumb Code     0  entry7b.o(.ARM.Collect$$$$00000008)
    _main_cpp_init                           0x0000d0c9   Thumb Code     0  entry8b.o(.ARM.Collect$$$$0000000A)
    _main_init                               0x0000d0c9   Thumb Code     0  entry9a.o(.ARM.Collect$$$$0000000B)
    __rt_final_cpp                           0x0000d0d1   Thumb Code     0  entry10a.o(.ARM.Collect$$$$0000000D)
    __rt_final_exit                          0x0000d0d1   Thumb Code     0  entry11a.o(.ARM.Collect$$$$0000000F)
    __asm___11_nrf_delay_c_532987f3__nrf_delay_us 0x0000d0d5   Thumb Code    30  nrf_delay.o(.emb_text)
    __asm___11_app_timer_c_cd27f9c3__nrf_delay_us 0x0000d0f5   Thumb Code    30  app_timer.o(.emb_text)
    Reset_Handler                            0x0000d115   Thumb Code    26  arm_startup_nrf51.o(.text)
    NMI_Handler                              0x0000d12f   Thumb Code     2  arm_startup_nrf51.o(.text)
    HardFault_Handler                        0x0000d131   Thumb Code     2  arm_startup_nrf51.o(.text)
    SVC_Handler                              0x0000d133   Thumb Code     2  arm_startup_nrf51.o(.text)
    PendSV_Handler                           0x0000d135   Thumb Code     2  arm_startup_nrf51.o(.text)
    SysTick_Handler                          0x0000d137   Thumb Code     2  arm_startup_nrf51.o(.text)
    ADC_IRQHandler                           0x0000d139   Thumb Code     0  arm_startup_nrf51.o(.text)
    CCM_AAR_IRQHandler                       0x0000d139   Thumb Code     0  arm_startup_nrf51.o(.text)
    ECB_IRQHandler                           0x0000d139   Thumb Code     0  arm_startup_nrf51.o(.text)
    GPIOTE_IRQHandler                        0x0000d139   Thumb Code     0  arm_startup_nrf51.o(.text)
    LPCOMP_IRQHandler                        0x0000d139   Thumb Code     0  arm_startup_nrf51.o(.text)
    POWER_CLOCK_IRQHandler                   0x0000d139   Thumb Code     0  arm_startup_nrf51.o(.text)
    QDEC_IRQHandler                          0x0000d139   Thumb Code     0  arm_startup_nrf51.o(.text)
    RADIO_IRQHandler                         0x0000d139   Thumb Code     0  arm_startup_nrf51.o(.text)
    RNG_IRQHandler                           0x0000d139   Thumb Code     0  arm_startup_nrf51.o(.text)
    RTC0_IRQHandler                          0x0000d139   Thumb Code     0  arm_startup_nrf51.o(.text)
    SPI1_TWI1_IRQHandler                     0x0000d139   Thumb Code     0  arm_startup_nrf51.o(.text)
    SWI1_IRQHandler                          0x0000d139   Thumb Code     0  arm_startup_nrf51.o(.text)
    SWI2_IRQHandler                          0x0000d139   Thumb Code     0  arm_startup_nrf51.o(.text)
    SWI3_IRQHandler                          0x0000d139   Thumb Code     0  arm_startup_nrf51.o(.text)
    SWI4_IRQHandler                          0x0000d139   Thumb Code     0  arm_startup_nrf51.o(.text)
    SWI5_IRQHandler                          0x0000d139   Thumb Code     0  arm_startup_nrf51.o(.text)
    TEMP_IRQHandler                          0x0000d139   Thumb Code     0  arm_startup_nrf51.o(.text)
    TIMER0_IRQHandler                        0x0000d139   Thumb Code     0  arm_startup_nrf51.o(.text)
    TIMER1_IRQHandler                        0x0000d139   Thumb Code     0  arm_startup_nrf51.o(.text)
    TIMER2_IRQHandler                        0x0000d139   Thumb Code     0  arm_startup_nrf51.o(.text)
    UART0_IRQHandler                         0x0000d139   Thumb Code     0  arm_startup_nrf51.o(.text)
    WDT_IRQHandler                           0x0000d139   Thumb Code     0  arm_startup_nrf51.o(.text)
    __aeabi_memcpy                           0x0000d14d   Thumb Code    36  memcpya.o(.text)
    __aeabi_memcpy4                          0x0000d14d   Thumb Code     0  memcpya.o(.text)
    __aeabi_memcpy8                          0x0000d14d   Thumb Code     0  memcpya.o(.text)
    __scatterload                            0x0000d171   Thumb Code    28  init.o(.text)
    __scatterload_rt2                        0x0000d171   Thumb Code     0  init.o(.text)
    FLASH_READ                               0x0000d195   Thumb Code   372  slld_hal.o(i.FLASH_READ)
    FLASH_WRITE                              0x0000d311   Thumb Code   156  slld_hal.o(i.FLASH_WRITE)
    RTC1_IRQHandler                          0x0000d3f1   Thumb Code    34  app_timer.o(i.RTC1_IRQHandler)
    SPI0_TWI0_IRQHandler                     0x0000d419   Thumb Code    42  spi_master.o(i.SPI0_TWI0_IRQHandler)
    SWI0_IRQHandler                          0x0000d44d   Thumb Code     8  app_timer.o(i.SWI0_IRQHandler)
    SystemInit                               0x0000d455   Thumb Code    38  system_nrf51.o(i.SystemInit)
    __scatterload_copy                       0x0000d48d   Thumb Code    14  handlers.o(i.__scatterload_copy)
    __scatterload_null                       0x0000d49b   Thumb Code     2  handlers.o(i.__scatterload_null)
    __scatterload_zeroinit                   0x0000d49d   Thumb Code    14  handlers.o(i.__scatterload_zeroinit)
    app_error_handler                        0x0000d4ab   Thumb Code     4  slld_hal.o(i.app_error_handler)
    init_LEDs                                0x0000d611   Thumb Code    52  main.o(i.init_LEDs)
    init_flash_app                           0x0000d645   Thumb Code    72  flashapp.o(i.init_flash_app)
    main                                     0x0000d909   Thumb Code    28  main.o(i.main)
    nrf_delay_ms                             0x0000d929   Thumb Code    24  nrf_delay.o(i.nrf_delay_ms)
    slld_ClearStatusRegisterCmd              0x0000da6d   Thumb Code    22  slld.o(i.slld_ClearStatusRegisterCmd)
    slld_RDIDCmd                             0x0000da83   Thumb Code    26  slld.o(i.slld_RDIDCmd)
    slld_RDSRCmd                             0x0000da9d   Thumb Code    24  slld.o(i.slld_RDSRCmd)
    slld_StatusGet                           0x0000dab5   Thumb Code    78  slld.o(i.slld_StatusGet)
    spi_EEPROM_init                          0x0000db05   Thumb Code    50  slld_hal.o(i.spi_EEPROM_init)
    spi_master_0_event_handler               0x0000db3d   Thumb Code    20  slld_hal.o(i.spi_master_0_event_handler)
    spi_master_evt_handler_reg               0x0000dc79   Thumb Code    52  spi_master.o(i.spi_master_evt_handler_reg)
    spi_master_open                          0x0000de15   Thumb Code   350  spi_master.o(i.spi_master_open)
    spi_master_send_recv                     0x0000e049   Thumb Code   308  spi_master.o(i.spi_master_send_recv)
    Region$$Table$$Base                      0x0000e620   Number         0  anon$$obj.o(Region$$Table)
    Region$$Table$$Limit                     0x0000e640   Number         0  anon$$obj.o(Region$$Table)
    _status_register                         0x20000900   Data           1  flashapp.o(.data)
    SystemCoreClock                          0x20000904   Data           4  system_nrf51.o(.data)
    tx_buffer                                0x20000958   Data         256  slld_hal.o(.bss)
    rx_buffer                                0x20000a58   Data         256  slld_hal.o(.bss)
    __initial_sp                             0x20001358   Data           0  arm_startup_nrf51.o(STACK)



==============================================================================

Memory Map of the image

  Image Entry point : 0x0000d0c1

  Load Region LR_IROM1 (Base: 0x0000d000, Size: 0x00001670, Max: 0x00033000, ABSOLUTE)

    Execution Region ER_IROM1 (Base: 0x0000d000, Size: 0x00001640, Max: 0x00033000, ABSOLUTE)

    Base Addr    Size         Type   Attr      Idx    E Section Name        Object

    0x0000d000   0x000000c0   Data   RO          153    RESET               arm_startup_nrf51.o
    0x0000d0c0   0x00000000   Code   RO         1285  * .ARM.Collect$$$$00000000  mc_p.l(entry.o)
    0x0000d0c0   0x00000004   Code   RO         1553    .ARM.Collect$$$$00000001  mc_p.l(entry2.o)
    0x0000d0c4   0x00000004   Code   RO         1556    .ARM.Collect$$$$00000004  mc_p.l(entry5.o)
    0x0000d0c8   0x00000000   Code   RO         1558    .ARM.Collect$$$$00000008  mc_p.l(entry7b.o)
    0x0000d0c8   0x00000000   Code   RO         1560    .ARM.Collect$$$$0000000A  mc_p.l(entry8b.o)
    0x0000d0c8   0x00000008   Code   RO         1561    .ARM.Collect$$$$0000000B  mc_p.l(entry9a.o)
    0x0000d0d0   0x00000000   Code   RO         1563    .ARM.Collect$$$$0000000D  mc_p.l(entry10a.o)
    0x0000d0d0   0x00000000   Code   RO         1565    .ARM.Collect$$$$0000000F  mc_p.l(entry11a.o)
    0x0000d0d0   0x00000004   Code   RO         1554    .ARM.Collect$$$$00002712  mc_p.l(entry2.o)
    0x0000d0d4   0x0000001e   Code   RO         1031    .emb_text           nrf_delay.o
    0x0000d0f2   0x00000002   PAD
    0x0000d0f4   0x0000001e   Code   RO         1058    .emb_text           app_timer.o
    0x0000d112   0x00000002   PAD
    0x0000d114   0x00000038   Code   RO          154    .text               arm_startup_nrf51.o
    0x0000d14c   0x00000024   Code   RO         1288    .text               mc_p.l(memcpya.o)
    0x0000d170   0x00000024   Code   RO         1585    .text               mc_p.l(init.o)
    0x0000d194   0x0000017c   Code   RO          945    i.FLASH_READ        slld_hal.o
    0x0000d310   0x000000a4   Code   RO          946    i.FLASH_WRITE       slld_hal.o
    0x0000d3b4   0x00000014   Code   RO         1059    i.NVIC_ClearPendingIRQ  app_timer.o
    0x0000d3c8   0x00000014   Code   RO         1060    i.NVIC_EnableIRQ    app_timer.o
    0x0000d3dc   0x00000014   Code   RO         1061    i.NVIC_SetPendingIRQ  app_timer.o
    0x0000d3f0   0x00000028   Code   RO         1063    i.RTC1_IRQHandler   app_timer.o
    0x0000d418   0x00000034   Code   RO          208    i.SPI0_TWI0_IRQHandler  spi_master.o
    0x0000d44c   0x00000008   Code   RO         1064    i.SWI0_IRQHandler   app_timer.o
    0x0000d454   0x00000038   Code   RO          161    i.SystemInit        system_nrf51.o
    0x0000d48c   0x0000000e   Code   RO         1601    i.__scatterload_copy  mc_p.l(handlers.o)
    0x0000d49a   0x00000002   Code   RO         1602    i.__scatterload_null  mc_p.l(handlers.o)
    0x0000d49c   0x0000000e   Code   RO         1603    i.__scatterload_zeroinit  mc_p.l(handlers.o)
    0x0000d4aa   0x00000004   Code   RO          947    i.app_error_handler  slld_hal.o
    0x0000d4ae   0x00000002   PAD
    0x0000d4b0   0x00000090   Code   RO         1072    i.compare_reg_update  app_timer.o
    0x0000d540   0x00000064   Code   RO         1074    i.elapsed_ticks_acquire  app_timer.o
    0x0000d5a4   0x0000006c   Code   RO         1075    i.expired_timers_handler  app_timer.o
    0x0000d610   0x00000034   Code   RO            4    i.init_LEDs         main.o
    0x0000d644   0x00000050   Code   RO          124    i.init_flash_app    flashapp.o
    0x0000d694   0x00000034   Code   RO          162    i.is_disabled_in_debug_needed  system_nrf51.o
    0x0000d6c8   0x00000064   Code   RO          163    i.is_manual_peripheral_setup_needed  system_nrf51.o
    0x0000d72c   0x000000c0   Code   RO         1076    i.list_deletions_handler  app_timer.o
    0x0000d7ec   0x0000011c   Code   RO         1077    i.list_insertions_handler  app_timer.o
    0x0000d908   0x00000020   Code   RO            5    i.main              main.o
    0x0000d928   0x0000001c   Code   RO         1032    i.nrf_delay_ms      nrf_delay.o
    0x0000d944   0x00000012   Code   RO            6    i.nrf_gpio_cfg_output  main.o
    0x0000d956   0x00000012   Code   RO          209    i.nrf_gpio_cfg_output  spi_master.o
    0x0000d968   0x00000012   Code   RO          949    i.nrf_gpio_cfg_output  slld_hal.o
    0x0000d97a   0x00000002   PAD
    0x0000d97c   0x00000010   Code   RO          210    i.nrf_gpio_pin_clear  spi_master.o
    0x0000d98c   0x00000010   Code   RO          950    i.nrf_gpio_pin_clear  slld_hal.o
    0x0000d99c   0x00000010   Code   RO            7    i.nrf_gpio_pin_set  main.o
    0x0000d9ac   0x00000010   Code   RO          211    i.nrf_gpio_pin_set  spi_master.o
    0x0000d9bc   0x00000010   Code   RO          951    i.nrf_gpio_pin_set  slld_hal.o
    0x0000d9cc   0x0000000c   Code   RO         1078    i.rtc1_counter_get  app_timer.o
    0x0000d9d8   0x0000003c   Code   RO         1080    i.rtc1_start        app_timer.o
    0x0000da14   0x00000058   Code   RO         1081    i.rtc1_stop         app_timer.o
    0x0000da6c   0x00000016   Code   RO          338    i.slld_ClearStatusRegisterCmd  slld.o
    0x0000da82   0x0000001a   Code   RO          392    i.slld_RDIDCmd      slld.o
    0x0000da9c   0x00000018   Code   RO          394    i.slld_RDSRCmd      slld.o
    0x0000dab4   0x0000004e   Code   RO          410    i.slld_StatusGet    slld.o
    0x0000db02   0x00000002   PAD
    0x0000db04   0x00000038   Code   RO          952    i.spi_EEPROM_init   slld_hal.o
    0x0000db3c   0x00000014   Code   RO          953    i.spi_master_0_event_handler  slld_hal.o
    0x0000db50   0x000000b0   Code   RO          212    i.spi_master_buffer_init  spi_master.o
    0x0000dc00   0x00000078   Code   RO          213    i.spi_master_buffer_release  spi_master.o
    0x0000dc78   0x0000005c   Code   RO          300    i.spi_master_evt_handler_reg  spi_master.o
    0x0000dcd4   0x00000018   Code   RO          215    i.spi_master_get_instance  spi_master.o
    0x0000dcec   0x000000a4   Code   RO          954    i.spi_master_init   slld_hal.o
    0x0000dd90   0x00000084   Code   RO          216    i.spi_master_init_hw_instance  spi_master.o
    0x0000de14   0x0000018c   Code   RO          217    i.spi_master_open   spi_master.o
    0x0000dfa0   0x000000a8   Code   RO          218    i.spi_master_send_initial_bytes  spi_master.o
    0x0000e048   0x0000015c   Code   RO          219    i.spi_master_send_recv  spi_master.o
    0x0000e1a4   0x000000f8   Code   RO          220    i.spi_master_send_recv_irq  spi_master.o
    0x0000e29c   0x00000070   Code   RO          221    i.spi_master_signal_evt  spi_master.o
    0x0000e30c   0x0000000a   Code   RO         1082    i.ticks_diff_get    app_timer.o
    0x0000e316   0x00000002   PAD
    0x0000e318   0x00000064   Code   RO         1083    i.timeout_handler_exec  app_timer.o
    0x0000e37c   0x00000050   Code   RO         1084    i.timer_list_handler  app_timer.o
    0x0000e3cc   0x0000000a   Code   RO         1085    i.timer_list_handler_sched  app_timer.o
    0x0000e3d6   0x00000002   PAD
    0x0000e3d8   0x000000d8   Code   RO         1086    i.timer_list_insert  app_timer.o
    0x0000e4b0   0x000000ac   Code   RO         1087    i.timer_list_remove  app_timer.o
    0x0000e55c   0x00000098   Code   RO         1091    i.timer_timeouts_check  app_timer.o
    0x0000e5f4   0x0000000a   Code   RO         1092    i.timer_timeouts_check_sched  app_timer.o
    0x0000e5fe   0x00000002   PAD
    0x0000e600   0x00000004   Data   RO          223    .constdata          spi_master.o
    0x0000e604   0x0000001c   Data   RO          956    .constdata          slld_hal.o
    0x0000e620   0x00000020   Data   RO         1599    Region$$Table       anon$$obj.o


    Execution Region RW_IRAM1 (Base: 0x20000900, Size: 0x00000a58, Max: 0x00003700, ABSOLUTE)

    Base Addr    Size         Type   Attr      Idx    E Section Name        Object

    0x20000900   0x00000001   Data   RW          125    .data               flashapp.o
    0x20000901   0x00000003   PAD
    0x20000904   0x00000004   Data   RW          164    .data               system_nrf51.o
    0x20000908   0x00000025   Data   RW         1096    .data               app_timer.o
    0x2000092d   0x00000003   PAD
    0x20000930   0x00000028   Zero   RW          222    .bss                spi_master.o
    0x20000958   0x00000200   Zero   RW          955    .bss                slld_hal.o
    0x20000b58   0x00000800   Zero   RW          151    STACK               arm_startup_nrf51.o


==============================================================================

Image component sizes


      Code (inc. data)   RO Data    RW Data    ZI Data      Debug   Object Name

      1876        250          0         37          0      22528   app_timer.o
        56         18        192          0       2048        620   arm_startup_nrf51.o
        80          8          0          1          0       2804   flashapp.o
       118         10          0          0          0      13402   main.o
        58          4          0          0          0       1215   nrf_delay.o
       150          0          0          0          0       8189   slld.o
       838         92         28          0        512      14111   slld_hal.o
      1918        404          4          0         40      13993   spi_master.o
       208         28          0          4          0      17431   system_nrf51.o

    ----------------------------------------------------------------------
      5318        814        256         48       2600      94293   Object Totals
         0          0         32          0          0          0   (incl. Generated)
        16          0          0          6          0          0   (incl. Padding)

    ----------------------------------------------------------------------

      Code (inc. data)   RO Data    RW Data    ZI Data      Debug   Library Member Name

         0          0          0          0          0          0   entry.o
         0          0          0          0          0          0   entry10a.o
         0          0          0          0          0          0   entry11a.o
         8          4          0          0          0          0   entry2.o
         4          0          0          0          0          0   entry5.o
         0          0          0          0          0          0   entry7b.o
         0          0          0          0          0          0   entry8b.o
         8          4          0          0          0          0   entry9a.o
        30          0          0          0          0          0   handlers.o
        36          8          0          0          0         68   init.o
        36          0          0          0          0         60   memcpya.o

    ----------------------------------------------------------------------
       122         16          0          0          0        128   Library Totals
         0          0          0          0          0          0   (incl. Padding)

    ----------------------------------------------------------------------

      Code (inc. data)   RO Data    RW Data    ZI Data      Debug   Library Name

       122         16          0          0          0        128   mc_p.l

    ----------------------------------------------------------------------
       122         16          0          0          0        128   Library Totals

    ----------------------------------------------------------------------

==============================================================================


      Code (inc. data)   RO Data    RW Data    ZI Data      Debug   

      5440        830        256         48       2600      91889   Grand Totals
      5440        830        256         48       2600      91889   ELF Image Totals
      5440        830        256         48          0          0   ROM Totals

==============================================================================

    Total RO  Size (Code + RO Data)                 5696 (   5.56kB)
    Total RW  Size (RW Data + ZI Data)              2648 (   2.59kB)
    Total ROM Size (Code + RO Data + RW Data)       5744 (   5.61kB)

==============================================================================

