<html>
<body>
<pre>
<h1>µVision Build Log</h1>
<h2>Project:</h2>
C:\Users\chris\Desktop\beaumont\penetrometer\nRF51422\Blinky\arm\blinky.uvproj
Project File Date:  12/17/2014

<h2>Output:</h2>
Build target 'nrf51422_xxaa_s210 (256K)'
Clean started - Project: 'blinky'
   deleting intermediate output files for target 'nrf51422_xxaa_s210 (256K)'
creating preprocessor file for main.c...
compiling main.c...
..\FlashApp.h(9): warning:  #1295-D: Deprecated declaration init_flash_app - give arg types
  void init_flash_app();
..\main.c: 1 warning, 0 errors
creating preprocessor file for FlashApp.c...
compiling FlashApp.c...
..\FlashApp.h(9): warning:  #1295-D: Deprecated declaration init_flash_app - give arg types
  void init_flash_app();
..\FlashApp.c: 1 warning, 0 errors
assembling arm_startup_nrf51.s...
creating preprocessor file for system_nrf51.c...
compiling system_nrf51.c...
creating preprocessor file for slld.c...
compiling slld.c...
creating preprocessor file for slld_hal.c...
compiling slld_hal.c...
..\Spansion_SLLD_v13.2.1\Hals\nRF51xxx\slld_hal.c(419): warning:  #177-D: variable "result" was declared but never referenced
        bool result = false;
..\Spansion_SLLD_v13.2.1\Hals\nRF51xxx\slld_hal.c(341): warning:  #177-D: function "check_buf_equal" was declared but never referenced
  static bool check_buf_equal(const uint8_t * const p_tx_buf,
..\Spansion_SLLD_v13.2.1\Hals\nRF51xxx\slld_hal.c: 2 warnings, 0 errors
creating preprocessor file for nrf_delay.c...
compiling nrf_delay.c...
creating preprocessor file for app_timer.c...
compiling app_timer.c...
creating preprocessor file for spi_master.c...
compiling spi_master.c...
linking...
Program Size: Code=5440 RO-data=256 RW-data=48 ZI-data=2600  
".\_build\blinky_arm.axf" - 0 Error(s), 4 Warning(s).

*** Performing Cross-Module-Optimization:
compiling main.c...
..\FlashApp.h(9): warning:  #1295-D: Deprecated declaration init_flash_app - give arg types
  void init_flash_app();
..\main.c: 1 warning, 0 errors
compiling FlashApp.c...
..\FlashApp.h(9): warning:  #1295-D: Deprecated declaration init_flash_app - give arg types
  void init_flash_app();
..\FlashApp.c: 1 warning, 0 errors
compiling system_nrf51.c...
compiling slld.c...
compiling slld_hal.c...
..\Spansion_SLLD_v13.2.1\Hals\nRF51xxx\slld_hal.c(419): warning:  #177-D: variable "result" was declared but never referenced
        bool result = false;
..\Spansion_SLLD_v13.2.1\Hals\nRF51xxx\slld_hal.c(341): warning:  #177-D: function "check_buf_equal" was declared but never referenced
  static bool check_buf_equal(const uint8_t * const p_tx_buf,
..\Spansion_SLLD_v13.2.1\Hals\nRF51xxx\slld_hal.c: 2 warnings, 0 errors
compiling nrf_delay.c...
compiling app_timer.c...
compiling spi_master.c...
linking...
Program Size: Code=5440 RO-data=256 RW-data=48 ZI-data=2600  
FromELF: creating hex file...
".\_build\blinky_arm.axf" - 0 Error(s), 4 Warning(s).
*** Completed Cross-Module-Optimization after 2 iteration(s).
