<html>
<body>
<pre>
<h1>µVision Build Log</h1>
<h2>Project:</h2>
C:\Users\chris\Desktop\beaumont\penetrometer\nRF51422\Blinky\arm\blinky.uvproj
Project File Date:  12/17/2014

<h2>Output:</h2>
Rebuild target 'nrf51422_xxaa_s210 (256K)'
Clean started - Project: 'blinky'
   deleting intermediate output files for target 'nrf51422_xxaa_s210 (256K)'
creating preprocessor file for main.c...
compiling main.c...
assembling arm_startup_nrf51.s...
creating preprocessor file for system_nrf51.c...
compiling system_nrf51.c...
creating preprocessor file for nrf_delay.c...
compiling nrf_delay.c...
linking...
Program Size: Code=668 RO-data=224 RW-data=4 ZI-data=2052  
".\_build\blinky_arm.axf" - 0 Error(s), 0 Warning(s).

*** Performing Cross-Module-Optimization:
compiling main.c...
compiling system_nrf51.c...
compiling nrf_delay.c...
linking...
Program Size: Code=668 RO-data=224 RW-data=4 ZI-data=2052  
FromELF: creating hex file...
".\_build\blinky_arm.axf" - 0 Error(s), 0 Warning(s).
*** Completed Cross-Module-Optimization after 2 iteration(s).
Load "C:\\Users\\chris\\Desktop\\beaumont\\penetrometer\\nRF51422\\Blinky\\arm\\_build\\blinky_arm.axf" 
Set JLink Project File to "C:\Users\chris\Desktop\beaumont\penetrometer\nRF51422\Blinky\arm\JLinkSettings.ini"
* JLink Info: Device "NRF51422_XXAA" selected (257 KB flash, 16 KB RAM).
 
JLink info:
------------
DLL: V4.86a, compiled Jun 11 2014 17:22:49
Firmware: J-Link Lite-Cortex-M V8 compiled Aug 29 2012 15:24:23
Hardware: V8.00
S/N : 518007191 
Feature(s) : GDB 
 
* JLink Info: Found SWD-DP with ID 0x0BB11477
* JLink Info: Found Cortex-M0 r0p0, Little endian.
* JLink Info: FPUnit: 4 code (BP) slots and 0 literal slots
ROMTableAddr = 0xE00FF003
 
Target info:
------------
Device: nRF51422_xxAA
VTarget = 2.989V
State of Pins: 
TCK: 0, TDI: 0, TDO: 1, TMS: 1, TRES: 1, TRST: 1
Hardware-Breakpoints: 4
Software-Breakpoints: 8192
Watchpoints:          2
JTAG speed: 2000 kHz
 
Erase Done.
Programming Done.
Verify OK.
Application running ...
Clean started: Project: 'blinky'
   deleting intermediate output files for target 'nrf51422_xxaa_s210 (256K)'
